[    0.000000] Linux version 5.13.0-20-generic (buildd@lgw01-amd64-013) (gcc (Ubuntu 11.2.0-7ubuntu2) 11.2.0, GNU ld (GNU Binutils for Ubuntu) 2.37) #20-Ubuntu SMP Fri Oct 15 14:21:35 UTC 2021 (Ubuntu 5.13.0-20.20-generic 5.13.14)
[    0.000000] Command line: BOOT_IMAGE=/boot/vmlinuz-5.13.0-20-generic root=UUID=c2353b7c-cd48-481a-a028-0a12207a0d34 ro find_preseed=/preseed.cfg auto noprompt priority=critical locale=en_US quiet
[    0.000000] KERNEL supported cpus:
[    0.000000]   Intel GenuineIntel
[    0.000000]   AMD AuthenticAMD
[    0.000000]   Hygon HygonGenuine
[    0.000000]   Centaur CentaurHauls
[    0.000000]   zhaoxin   Shanghai  
[    0.000000] Disabled fast string operations
[    0.000000] x86/fpu: Supporting XSAVE feature 0x001: 'x87 floating point registers'
[    0.000000] x86/fpu: Supporting XSAVE feature 0x002: 'SSE registers'
[    0.000000] x86/fpu: Supporting XSAVE feature 0x004: 'AVX registers'
[    0.000000] x86/fpu: xstate_offset[2]:  576, xstate_sizes[2]:  256
[    0.000000] x86/fpu: Enabled xstate features 0x7, context size is 832 bytes, using 'compacted' format.
[    0.000000] BIOS-provided physical RAM map:
[    0.000000] BIOS-e820: [mem 0x0000000000000000-0x000000000009e7ff] usable
[    0.000000] BIOS-e820: [mem 0x000000000009e800-0x000000000009ffff] reserved
[    0.000000] BIOS-e820: [mem 0x00000000000dc000-0x00000000000fffff] reserved
[    0.000000] BIOS-e820: [mem 0x0000000000100000-0x000000007fedffff] usable
[    0.000000] BIOS-e820: [mem 0x000000007fee0000-0x000000007fefefff] ACPI data
[    0.000000] BIOS-e820: [mem 0x000000007feff000-0x000000007fefffff] ACPI NVS
[    0.000000] BIOS-e820: [mem 0x000000007ff00000-0x000000007fffffff] usable
[    0.000000] BIOS-e820: [mem 0x00000000f0000000-0x00000000f7ffffff] reserved
[    0.000000] BIOS-e820: [mem 0x00000000fec00000-0x00000000fec0ffff] reserved
[    0.000000] BIOS-e820: [mem 0x00000000fee00000-0x00000000fee00fff] reserved
[    0.000000] BIOS-e820: [mem 0x00000000fffe0000-0x00000000ffffffff] reserved
[    0.000000] NX (Execute Disable) protection: active
[    0.000000] SMBIOS 2.7 present.
[    0.000000] DMI: VMware, Inc. VMware Virtual Platform/440BX Desktop Reference Platform, BIOS 6.00 07/22/2020
[    0.000000] vmware: hypercall mode: 0x02
[    0.000000] Hypervisor detected: VMware
[    0.000000] vmware: TSC freq read from hypervisor : 2711.997 MHz
[    0.000000] vmware: Host bus clock speed read from hypervisor : 66000000 Hz
[    0.000000] vmware: using clock offset of 6352484306 ns
[    0.000017] tsc: Detected 2711.997 MHz processor
[    0.001213] e820: update [mem 0x00000000-0x00000fff] usable ==> reserved
[    0.001216] e820: remove [mem 0x000a0000-0x000fffff] usable
[    0.001221] last_pfn = 0x80000 max_arch_pfn = 0x400000000
[    0.001245] x86/PAT: Configuration [0-7]: WB  WC  UC- UC  WB  WP  UC- WT  
[    0.001257] total RAM covered: 3072M
[    0.001541] Found optimal setting for mtrr clean up
[    0.001542]  gran_size: 64K 	chunk_size: 64K 	num_reg: 2  	lose cover RAM: 0G
[    0.011391] found SMP MP-table at [mem 0x000f6a70-0x000f6a7f]
[    0.011427] Using GB pages for direct mapping
[    0.011536] RAMDISK: [mem 0x32e07000-0x356fafff]
[    0.011542] ACPI: Early table checksum verification disabled
[    0.011546] ACPI: RSDP 0x00000000000F6A00 000024 (v02 PTLTD )
[    0.011552] ACPI: XSDT 0x000000007FEE965B 00005C (v01 INTEL  440BX    06040000 VMW  01324272)
[    0.011565] ACPI: FACP 0x000000007FEFEE73 0000F4 (v04 INTEL  440BX    06040000 PTL  000F4240)
[    0.011577] ACPI: DSDT 0x000000007FEEAD55 01411E (v01 PTLTD  Custom   06040000 MSFT 03000001)
[    0.011609] ACPI: FACS 0x000000007FEFFFC0 000040
[    0.011615] ACPI: FACS 0x000000007FEFFFC0 000040
[    0.011618] ACPI: BOOT 0x000000007FEEAD2D 000028 (v01 PTLTD  $SBFTBL$ 06040000  LTP 00000001)
[    0.011623] ACPI: APIC 0x000000007FEEA5EB 000742 (v01 PTLTD  ? APIC   06040000  LTP 00000000)
[    0.011627] ACPI: MCFG 0x000000007FEEA5AF 00003C (v01 PTLTD  $PCITBL$ 06040000  LTP 00000001)
[    0.011631] ACPI: SRAT 0x000000007FEE9757 0008A8 (v02 VMWARE MEMPLUG  06040000 VMW  00000001)
[    0.011636] ACPI: HPET 0x000000007FEE971F 000038 (v01 VMWARE VMW HPET 06040000 VMW  00000001)
[    0.011640] ACPI: WAET 0x000000007FEE96F7 000028 (v01 VMWARE VMW WAET 06040000 VMW  00000001)
[    0.011643] ACPI: Reserving FACP table memory at [mem 0x7fefee73-0x7fefef66]
[    0.011645] ACPI: Reserving DSDT table memory at [mem 0x7feead55-0x7fefee72]
[    0.011646] ACPI: Reserving FACS table memory at [mem 0x7fefffc0-0x7fefffff]
[    0.011647] ACPI: Reserving FACS table memory at [mem 0x7fefffc0-0x7fefffff]
[    0.011648] ACPI: Reserving BOOT table memory at [mem 0x7feead2d-0x7feead54]
[    0.011648] ACPI: Reserving APIC table memory at [mem 0x7feea5eb-0x7feead2c]
[    0.011649] ACPI: Reserving MCFG table memory at [mem 0x7feea5af-0x7feea5ea]
[    0.011650] ACPI: Reserving SRAT table memory at [mem 0x7fee9757-0x7fee9ffe]
[    0.011651] ACPI: Reserving HPET table memory at [mem 0x7fee971f-0x7fee9756]
[    0.011651] ACPI: Reserving WAET table memory at [mem 0x7fee96f7-0x7fee971e]
[    0.011793] ACPI: Local APIC address 0xfee00000
[    0.011939] system APIC only can use physical flat
[    0.011940] Setting APIC routing to physical flat.
[    0.011971] SRAT: PXM 0 -> APIC 0x00 -> Node 0
[    0.011972] SRAT: PXM 0 -> APIC 0x02 -> Node 0
[    0.011973] SRAT: PXM 0 -> APIC 0x04 -> Node 0
[    0.011974] SRAT: PXM 0 -> APIC 0x06 -> Node 0
[    0.011974] SRAT: PXM 0 -> APIC 0x08 -> Node 0
[    0.011975] SRAT: PXM 0 -> APIC 0x0a -> Node 0
[    0.011976] SRAT: PXM 0 -> APIC 0x0c -> Node 0
[    0.011976] SRAT: PXM 0 -> APIC 0x0e -> Node 0
[    0.011977] SRAT: PXM 0 -> APIC 0x10 -> Node 0
[    0.011978] SRAT: PXM 0 -> APIC 0x12 -> Node 0
[    0.011978] SRAT: PXM 0 -> APIC 0x14 -> Node 0
[    0.011979] SRAT: PXM 0 -> APIC 0x16 -> Node 0
[    0.011979] SRAT: PXM 0 -> APIC 0x18 -> Node 0
[    0.011980] SRAT: PXM 0 -> APIC 0x1a -> Node 0
[    0.011981] SRAT: PXM 0 -> APIC 0x1c -> Node 0
[    0.011981] SRAT: PXM 0 -> APIC 0x1e -> Node 0
[    0.011982] SRAT: PXM 0 -> APIC 0x20 -> Node 0
[    0.011983] SRAT: PXM 0 -> APIC 0x22 -> Node 0
[    0.011983] SRAT: PXM 0 -> APIC 0x24 -> Node 0
[    0.011984] SRAT: PXM 0 -> APIC 0x26 -> Node 0
[    0.011984] SRAT: PXM 0 -> APIC 0x28 -> Node 0
[    0.011985] SRAT: PXM 0 -> APIC 0x2a -> Node 0
[    0.011986] SRAT: PXM 0 -> APIC 0x2c -> Node 0
[    0.011986] SRAT: PXM 0 -> APIC 0x2e -> Node 0
[    0.011987] SRAT: PXM 0 -> APIC 0x30 -> Node 0
[    0.011987] SRAT: PXM 0 -> APIC 0x32 -> Node 0
[    0.011988] SRAT: PXM 0 -> APIC 0x34 -> Node 0
[    0.011989] SRAT: PXM 0 -> APIC 0x36 -> Node 0
[    0.011989] SRAT: PXM 0 -> APIC 0x38 -> Node 0
[    0.011990] SRAT: PXM 0 -> APIC 0x3a -> Node 0
[    0.011990] SRAT: PXM 0 -> APIC 0x3c -> Node 0
[    0.011991] SRAT: PXM 0 -> APIC 0x3e -> Node 0
[    0.011992] SRAT: PXM 0 -> APIC 0x40 -> Node 0
[    0.011992] SRAT: PXM 0 -> APIC 0x42 -> Node 0
[    0.011993] SRAT: PXM 0 -> APIC 0x44 -> Node 0
[    0.011994] SRAT: PXM 0 -> APIC 0x46 -> Node 0
[    0.011994] SRAT: PXM 0 -> APIC 0x48 -> Node 0
[    0.011995] SRAT: PXM 0 -> APIC 0x4a -> Node 0
[    0.011995] SRAT: PXM 0 -> APIC 0x4c -> Node 0
[    0.011996] SRAT: PXM 0 -> APIC 0x4e -> Node 0
[    0.011997] SRAT: PXM 0 -> APIC 0x50 -> Node 0
[    0.011997] SRAT: PXM 0 -> APIC 0x52 -> Node 0
[    0.011998] SRAT: PXM 0 -> APIC 0x54 -> Node 0
[    0.011998] SRAT: PXM 0 -> APIC 0x56 -> Node 0
[    0.011999] SRAT: PXM 0 -> APIC 0x58 -> Node 0
[    0.012000] SRAT: PXM 0 -> APIC 0x5a -> Node 0
[    0.012000] SRAT: PXM 0 -> APIC 0x5c -> Node 0
[    0.012001] SRAT: PXM 0 -> APIC 0x5e -> Node 0
[    0.012001] SRAT: PXM 0 -> APIC 0x60 -> Node 0
[    0.012002] SRAT: PXM 0 -> APIC 0x62 -> Node 0
[    0.012003] SRAT: PXM 0 -> APIC 0x64 -> Node 0
[    0.012003] SRAT: PXM 0 -> APIC 0x66 -> Node 0
[    0.012004] SRAT: PXM 0 -> APIC 0x68 -> Node 0
[    0.012005] SRAT: PXM 0 -> APIC 0x6a -> Node 0
[    0.012006] SRAT: PXM 0 -> APIC 0x6c -> Node 0
[    0.012007] SRAT: PXM 0 -> APIC 0x6e -> Node 0
[    0.012008] SRAT: PXM 0 -> APIC 0x70 -> Node 0
[    0.012009] SRAT: PXM 0 -> APIC 0x72 -> Node 0
[    0.012009] SRAT: PXM 0 -> APIC 0x74 -> Node 0
[    0.012010] SRAT: PXM 0 -> APIC 0x76 -> Node 0
[    0.012011] SRAT: PXM 0 -> APIC 0x78 -> Node 0
[    0.012012] SRAT: PXM 0 -> APIC 0x7a -> Node 0
[    0.012013] SRAT: PXM 0 -> APIC 0x7c -> Node 0
[    0.012014] SRAT: PXM 0 -> APIC 0x7e -> Node 0
[    0.012015] SRAT: PXM 0 -> APIC 0x80 -> Node 0
[    0.012016] SRAT: PXM 0 -> APIC 0x82 -> Node 0
[    0.012016] SRAT: PXM 0 -> APIC 0x84 -> Node 0
[    0.012017] SRAT: PXM 0 -> APIC 0x86 -> Node 0
[    0.012018] SRAT: PXM 0 -> APIC 0x88 -> Node 0
[    0.012019] SRAT: PXM 0 -> APIC 0x8a -> Node 0
[    0.012020] SRAT: PXM 0 -> APIC 0x8c -> Node 0
[    0.012021] SRAT: PXM 0 -> APIC 0x8e -> Node 0
[    0.012022] SRAT: PXM 0 -> APIC 0x90 -> Node 0
[    0.012023] SRAT: PXM 0 -> APIC 0x92 -> Node 0
[    0.012024] SRAT: PXM 0 -> APIC 0x94 -> Node 0
[    0.012025] SRAT: PXM 0 -> APIC 0x96 -> Node 0
[    0.012026] SRAT: PXM 0 -> APIC 0x98 -> Node 0
[    0.012027] SRAT: PXM 0 -> APIC 0x9a -> Node 0
[    0.012028] SRAT: PXM 0 -> APIC 0x9c -> Node 0
[    0.012029] SRAT: PXM 0 -> APIC 0x9e -> Node 0
[    0.012030] SRAT: PXM 0 -> APIC 0xa0 -> Node 0
[    0.012030] SRAT: PXM 0 -> APIC 0xa2 -> Node 0
[    0.012031] SRAT: PXM 0 -> APIC 0xa4 -> Node 0
[    0.012032] SRAT: PXM 0 -> APIC 0xa6 -> Node 0
[    0.012033] SRAT: PXM 0 -> APIC 0xa8 -> Node 0
[    0.012034] SRAT: PXM 0 -> APIC 0xaa -> Node 0
[    0.012035] SRAT: PXM 0 -> APIC 0xac -> Node 0
[    0.012036] SRAT: PXM 0 -> APIC 0xae -> Node 0
[    0.012037] SRAT: PXM 0 -> APIC 0xb0 -> Node 0
[    0.012038] SRAT: PXM 0 -> APIC 0xb2 -> Node 0
[    0.012039] SRAT: PXM 0 -> APIC 0xb4 -> Node 0
[    0.012040] SRAT: PXM 0 -> APIC 0xb6 -> Node 0
[    0.012041] SRAT: PXM 0 -> APIC 0xb8 -> Node 0
[    0.012042] SRAT: PXM 0 -> APIC 0xba -> Node 0
[    0.012043] SRAT: PXM 0 -> APIC 0xbc -> Node 0
[    0.012043] SRAT: PXM 0 -> APIC 0xbe -> Node 0
[    0.012044] SRAT: PXM 0 -> APIC 0xc0 -> Node 0
[    0.012045] SRAT: PXM 0 -> APIC 0xc2 -> Node 0
[    0.012045] SRAT: PXM 0 -> APIC 0xc4 -> Node 0
[    0.012046] SRAT: PXM 0 -> APIC 0xc6 -> Node 0
[    0.012046] SRAT: PXM 0 -> APIC 0xc8 -> Node 0
[    0.012047] SRAT: PXM 0 -> APIC 0xca -> Node 0
[    0.012048] SRAT: PXM 0 -> APIC 0xcc -> Node 0
[    0.012048] SRAT: PXM 0 -> APIC 0xce -> Node 0
[    0.012049] SRAT: PXM 0 -> APIC 0xd0 -> Node 0
[    0.012049] SRAT: PXM 0 -> APIC 0xd2 -> Node 0
[    0.012050] SRAT: PXM 0 -> APIC 0xd4 -> Node 0
[    0.012051] SRAT: PXM 0 -> APIC 0xd6 -> Node 0
[    0.012051] SRAT: PXM 0 -> APIC 0xd8 -> Node 0
[    0.012052] SRAT: PXM 0 -> APIC 0xda -> Node 0
[    0.012052] SRAT: PXM 0 -> APIC 0xdc -> Node 0
[    0.012053] SRAT: PXM 0 -> APIC 0xde -> Node 0
[    0.012054] SRAT: PXM 0 -> APIC 0xe0 -> Node 0
[    0.012054] SRAT: PXM 0 -> APIC 0xe2 -> Node 0
[    0.012055] SRAT: PXM 0 -> APIC 0xe4 -> Node 0
[    0.012055] SRAT: PXM 0 -> APIC 0xe6 -> Node 0
[    0.012056] SRAT: PXM 0 -> APIC 0xe8 -> Node 0
[    0.012057] SRAT: PXM 0 -> APIC 0xea -> Node 0
[    0.012057] SRAT: PXM 0 -> APIC 0xec -> Node 0
[    0.012058] SRAT: PXM 0 -> APIC 0xee -> Node 0
[    0.012058] SRAT: PXM 0 -> APIC 0xf0 -> Node 0
[    0.012059] SRAT: PXM 0 -> APIC 0xf2 -> Node 0
[    0.012060] SRAT: PXM 0 -> APIC 0xf4 -> Node 0
[    0.012060] SRAT: PXM 0 -> APIC 0xf6 -> Node 0
[    0.012061] SRAT: PXM 0 -> APIC 0xf8 -> Node 0
[    0.012061] SRAT: PXM 0 -> APIC 0xfa -> Node 0
[    0.012062] SRAT: PXM 0 -> APIC 0xfc -> Node 0
[    0.012063] SRAT: PXM 0 -> APIC 0xfe -> Node 0
[    0.012066] ACPI: SRAT: Node 0 PXM 0 [mem 0x00000000-0x0009ffff]
[    0.012069] ACPI: SRAT: Node 0 PXM 0 [mem 0x00100000-0x7fffffff]
[    0.012070] ACPI: SRAT: Node 0 PXM 0 [mem 0x80000000-0xbfffffff] hotplug
[    0.012088] NUMA: Node 0 [mem 0x00000000-0x0009ffff] + [mem 0x00100000-0x7fffffff] -> [mem 0x00000000-0x7fffffff]
[    0.012100] NODE_DATA(0) allocated [mem 0x7ffd6000-0x7fffffff]
[    0.012314] Zone ranges:
[    0.012315]   DMA      [mem 0x0000000000001000-0x0000000000ffffff]
[    0.012317]   DMA32    [mem 0x0000000001000000-0x000000007fffffff]
[    0.012319]   Normal   empty
[    0.012320]   Device   empty
[    0.012320] Movable zone start for each node
[    0.012323] Early memory node ranges
[    0.012323]   node   0: [mem 0x0000000000001000-0x000000000009dfff]
[    0.012325]   node   0: [mem 0x0000000000100000-0x000000007fedffff]
[    0.012326]   node   0: [mem 0x000000007ff00000-0x000000007fffffff]
[    0.012327] Initmem setup node 0 [mem 0x0000000000001000-0x000000007fffffff]
[    0.012328] On node 0 totalpages: 524157
[    0.012330]   DMA zone: 64 pages used for memmap
[    0.012330]   DMA zone: 157 pages reserved
[    0.012331]   DMA zone: 3997 pages, LIFO batch:0
[    0.012332]   DMA32 zone: 8128 pages used for memmap
[    0.012333]   DMA32 zone: 520160 pages, LIFO batch:63
[    0.012335] On node 0, zone DMA: 1 pages in unavailable ranges
[    0.012362] On node 0, zone DMA: 98 pages in unavailable ranges
[    0.017793] On node 0, zone DMA32: 32 pages in unavailable ranges
[    0.021083] ACPI: PM-Timer IO Port: 0x1008
[    0.021086] ACPI: Local APIC address 0xfee00000
[    0.021091] system APIC only can use physical flat
[    0.021119] ACPI: LAPIC_NMI (acpi_id[0x00] high edge lint[0x1])
[    0.021122] ACPI: LAPIC_NMI (acpi_id[0x01] high edge lint[0x1])
[    0.021122] ACPI: LAPIC_NMI (acpi_id[0x02] high edge lint[0x1])
[    0.021123] ACPI: LAPIC_NMI (acpi_id[0x03] high edge lint[0x1])
[    0.021124] ACPI: LAPIC_NMI (acpi_id[0x04] high edge lint[0x1])
[    0.021125] ACPI: LAPIC_NMI (acpi_id[0x05] high edge lint[0x1])
[    0.021125] ACPI: LAPIC_NMI (acpi_id[0x06] high edge lint[0x1])
[    0.021126] ACPI: LAPIC_NMI (acpi_id[0x07] high edge lint[0x1])
[    0.021127] ACPI: LAPIC_NMI (acpi_id[0x08] high edge lint[0x1])
[    0.021127] ACPI: LAPIC_NMI (acpi_id[0x09] high edge lint[0x1])
[    0.021128] ACPI: LAPIC_NMI (acpi_id[0x0a] high edge lint[0x1])
[    0.021129] ACPI: LAPIC_NMI (acpi_id[0x0b] high edge lint[0x1])
[    0.021129] ACPI: LAPIC_NMI (acpi_id[0x0c] high edge lint[0x1])
[    0.021130] ACPI: LAPIC_NMI (acpi_id[0x0d] high edge lint[0x1])
[    0.021131] ACPI: LAPIC_NMI (acpi_id[0x0e] high edge lint[0x1])
[    0.021131] ACPI: LAPIC_NMI (acpi_id[0x0f] high edge lint[0x1])
[    0.021132] ACPI: LAPIC_NMI (acpi_id[0x10] high edge lint[0x1])
[    0.021133] ACPI: LAPIC_NMI (acpi_id[0x11] high edge lint[0x1])
[    0.021134] ACPI: LAPIC_NMI (acpi_id[0x12] high edge lint[0x1])
[    0.021134] ACPI: LAPIC_NMI (acpi_id[0x13] high edge lint[0x1])
[    0.021135] ACPI: LAPIC_NMI (acpi_id[0x14] high edge lint[0x1])
[    0.021136] ACPI: LAPIC_NMI (acpi_id[0x15] high edge lint[0x1])
[    0.021136] ACPI: LAPIC_NMI (acpi_id[0x16] high edge lint[0x1])
[    0.021137] ACPI: LAPIC_NMI (acpi_id[0x17] high edge lint[0x1])
[    0.021138] ACPI: LAPIC_NMI (acpi_id[0x18] high edge lint[0x1])
[    0.021138] ACPI: LAPIC_NMI (acpi_id[0x19] high edge lint[0x1])
[    0.021139] ACPI: LAPIC_NMI (acpi_id[0x1a] high edge lint[0x1])
[    0.021140] ACPI: LAPIC_NMI (acpi_id[0x1b] high edge lint[0x1])
[    0.021140] ACPI: LAPIC_NMI (acpi_id[0x1c] high edge lint[0x1])
[    0.021141] ACPI: LAPIC_NMI (acpi_id[0x1d] high edge lint[0x1])
[    0.021142] ACPI: LAPIC_NMI (acpi_id[0x1e] high edge lint[0x1])
[    0.021142] ACPI: LAPIC_NMI (acpi_id[0x1f] high edge lint[0x1])
[    0.021143] ACPI: LAPIC_NMI (acpi_id[0x20] high edge lint[0x1])
[    0.021144] ACPI: LAPIC_NMI (acpi_id[0x21] high edge lint[0x1])
[    0.021144] ACPI: LAPIC_NMI (acpi_id[0x22] high edge lint[0x1])
[    0.021145] ACPI: LAPIC_NMI (acpi_id[0x23] high edge lint[0x1])
[    0.021146] ACPI: LAPIC_NMI (acpi_id[0x24] high edge lint[0x1])
[    0.021146] ACPI: LAPIC_NMI (acpi_id[0x25] high edge lint[0x1])
[    0.021147] ACPI: LAPIC_NMI (acpi_id[0x26] high edge lint[0x1])
[    0.021148] ACPI: LAPIC_NMI (acpi_id[0x27] high edge lint[0x1])
[    0.021148] ACPI: LAPIC_NMI (acpi_id[0x28] high edge lint[0x1])
[    0.021149] ACPI: LAPIC_NMI (acpi_id[0x29] high edge lint[0x1])
[    0.021150] ACPI: LAPIC_NMI (acpi_id[0x2a] high edge lint[0x1])
[    0.021150] ACPI: LAPIC_NMI (acpi_id[0x2b] high edge lint[0x1])
[    0.021151] ACPI: LAPIC_NMI (acpi_id[0x2c] high edge lint[0x1])
[    0.021152] ACPI: LAPIC_NMI (acpi_id[0x2d] high edge lint[0x1])
[    0.021153] ACPI: LAPIC_NMI (acpi_id[0x2e] high edge lint[0x1])
[    0.021153] ACPI: LAPIC_NMI (acpi_id[0x2f] high edge lint[0x1])
[    0.021154] ACPI: LAPIC_NMI (acpi_id[0x30] high edge lint[0x1])
[    0.021155] ACPI: LAPIC_NMI (acpi_id[0x31] high edge lint[0x1])
[    0.021155] ACPI: LAPIC_NMI (acpi_id[0x32] high edge lint[0x1])
[    0.021156] ACPI: LAPIC_NMI (acpi_id[0x33] high edge lint[0x1])
[    0.021157] ACPI: LAPIC_NMI (acpi_id[0x34] high edge lint[0x1])
[    0.021157] ACPI: LAPIC_NMI (acpi_id[0x35] high edge lint[0x1])
[    0.021158] ACPI: LAPIC_NMI (acpi_id[0x36] high edge lint[0x1])
[    0.021159] ACPI: LAPIC_NMI (acpi_id[0x37] high edge lint[0x1])
[    0.021159] ACPI: LAPIC_NMI (acpi_id[0x38] high edge lint[0x1])
[    0.021160] ACPI: LAPIC_NMI (acpi_id[0x39] high edge lint[0x1])
[    0.021161] ACPI: LAPIC_NMI (acpi_id[0x3a] high edge lint[0x1])
[    0.021161] ACPI: LAPIC_NMI (acpi_id[0x3b] high edge lint[0x1])
[    0.021162] ACPI: LAPIC_NMI (acpi_id[0x3c] high edge lint[0x1])
[    0.021163] ACPI: LAPIC_NMI (acpi_id[0x3d] high edge lint[0x1])
[    0.021163] ACPI: LAPIC_NMI (acpi_id[0x3e] high edge lint[0x1])
[    0.021164] ACPI: LAPIC_NMI (acpi_id[0x3f] high edge lint[0x1])
[    0.021165] ACPI: LAPIC_NMI (acpi_id[0x40] high edge lint[0x1])
[    0.021165] ACPI: LAPIC_NMI (acpi_id[0x41] high edge lint[0x1])
[    0.021166] ACPI: LAPIC_NMI (acpi_id[0x42] high edge lint[0x1])
[    0.021167] ACPI: LAPIC_NMI (acpi_id[0x43] high edge lint[0x1])
[    0.021167] ACPI: LAPIC_NMI (acpi_id[0x44] high edge lint[0x1])
[    0.021168] ACPI: LAPIC_NMI (acpi_id[0x45] high edge lint[0x1])
[    0.021169] ACPI: LAPIC_NMI (acpi_id[0x46] high edge lint[0x1])
[    0.021169] ACPI: LAPIC_NMI (acpi_id[0x47] high edge lint[0x1])
[    0.021170] ACPI: LAPIC_NMI (acpi_id[0x48] high edge lint[0x1])
[    0.021171] ACPI: LAPIC_NMI (acpi_id[0x49] high edge lint[0x1])
[    0.021171] ACPI: LAPIC_NMI (acpi_id[0x4a] high edge lint[0x1])
[    0.021172] ACPI: LAPIC_NMI (acpi_id[0x4b] high edge lint[0x1])
[    0.021173] ACPI: LAPIC_NMI (acpi_id[0x4c] high edge lint[0x1])
[    0.021173] ACPI: LAPIC_NMI (acpi_id[0x4d] high edge lint[0x1])
[    0.021174] ACPI: LAPIC_NMI (acpi_id[0x4e] high edge lint[0x1])
[    0.021175] ACPI: LAPIC_NMI (acpi_id[0x4f] high edge lint[0x1])
[    0.021175] ACPI: LAPIC_NMI (acpi_id[0x50] high edge lint[0x1])
[    0.021176] ACPI: LAPIC_NMI (acpi_id[0x51] high edge lint[0x1])
[    0.021177] ACPI: LAPIC_NMI (acpi_id[0x52] high edge lint[0x1])
[    0.021177] ACPI: LAPIC_NMI (acpi_id[0x53] high edge lint[0x1])
[    0.021178] ACPI: LAPIC_NMI (acpi_id[0x54] high edge lint[0x1])
[    0.021179] ACPI: LAPIC_NMI (acpi_id[0x55] high edge lint[0x1])
[    0.021179] ACPI: LAPIC_NMI (acpi_id[0x56] high edge lint[0x1])
[    0.021180] ACPI: LAPIC_NMI (acpi_id[0x57] high edge lint[0x1])
[    0.021181] ACPI: LAPIC_NMI (acpi_id[0x58] high edge lint[0x1])
[    0.021181] ACPI: LAPIC_NMI (acpi_id[0x59] high edge lint[0x1])
[    0.021182] ACPI: LAPIC_NMI (acpi_id[0x5a] high edge lint[0x1])
[    0.021183] ACPI: LAPIC_NMI (acpi_id[0x5b] high edge lint[0x1])
[    0.021184] ACPI: LAPIC_NMI (acpi_id[0x5c] high edge lint[0x1])
[    0.021184] ACPI: LAPIC_NMI (acpi_id[0x5d] high edge lint[0x1])
[    0.021185] ACPI: LAPIC_NMI (acpi_id[0x5e] high edge lint[0x1])
[    0.021186] ACPI: LAPIC_NMI (acpi_id[0x5f] high edge lint[0x1])
[    0.021186] ACPI: LAPIC_NMI (acpi_id[0x60] high edge lint[0x1])
[    0.021187] ACPI: LAPIC_NMI (acpi_id[0x61] high edge lint[0x1])
[    0.021188] ACPI: LAPIC_NMI (acpi_id[0x62] high edge lint[0x1])
[    0.021188] ACPI: LAPIC_NMI (acpi_id[0x63] high edge lint[0x1])
[    0.021189] ACPI: LAPIC_NMI (acpi_id[0x64] high edge lint[0x1])
[    0.021190] ACPI: LAPIC_NMI (acpi_id[0x65] high edge lint[0x1])
[    0.021190] ACPI: LAPIC_NMI (acpi_id[0x66] high edge lint[0x1])
[    0.021191] ACPI: LAPIC_NMI (acpi_id[0x67] high edge lint[0x1])
[    0.021192] ACPI: LAPIC_NMI (acpi_id[0x68] high edge lint[0x1])
[    0.021192] ACPI: LAPIC_NMI (acpi_id[0x69] high edge lint[0x1])
[    0.021193] ACPI: LAPIC_NMI (acpi_id[0x6a] high edge lint[0x1])
[    0.021194] ACPI: LAPIC_NMI (acpi_id[0x6b] high edge lint[0x1])
[    0.021194] ACPI: LAPIC_NMI (acpi_id[0x6c] high edge lint[0x1])
[    0.021195] ACPI: LAPIC_NMI (acpi_id[0x6d] high edge lint[0x1])
[    0.021196] ACPI: LAPIC_NMI (acpi_id[0x6e] high edge lint[0x1])
[    0.021196] ACPI: LAPIC_NMI (acpi_id[0x6f] high edge lint[0x1])
[    0.021197] ACPI: LAPIC_NMI (acpi_id[0x70] high edge lint[0x1])
[    0.021198] ACPI: LAPIC_NMI (acpi_id[0x71] high edge lint[0x1])
[    0.021198] ACPI: LAPIC_NMI (acpi_id[0x72] high edge lint[0x1])
[    0.021199] ACPI: LAPIC_NMI (acpi_id[0x73] high edge lint[0x1])
[    0.021200] ACPI: LAPIC_NMI (acpi_id[0x74] high edge lint[0x1])
[    0.021200] ACPI: LAPIC_NMI (acpi_id[0x75] high edge lint[0x1])
[    0.021201] ACPI: LAPIC_NMI (acpi_id[0x76] high edge lint[0x1])
[    0.021202] ACPI: LAPIC_NMI (acpi_id[0x77] high edge lint[0x1])
[    0.021202] ACPI: LAPIC_NMI (acpi_id[0x78] high edge lint[0x1])
[    0.021203] ACPI: LAPIC_NMI (acpi_id[0x79] high edge lint[0x1])
[    0.021204] ACPI: LAPIC_NMI (acpi_id[0x7a] high edge lint[0x1])
[    0.021204] ACPI: LAPIC_NMI (acpi_id[0x7b] high edge lint[0x1])
[    0.021205] ACPI: LAPIC_NMI (acpi_id[0x7c] high edge lint[0x1])
[    0.021206] ACPI: LAPIC_NMI (acpi_id[0x7d] high edge lint[0x1])
[    0.021206] ACPI: LAPIC_NMI (acpi_id[0x7e] high edge lint[0x1])
[    0.021207] ACPI: LAPIC_NMI (acpi_id[0x7f] high edge lint[0x1])
[    0.021243] IOAPIC[0]: apic_id 1, version 32, address 0xfec00000, GSI 0-23
[    0.021248] ACPI: INT_SRC_OVR (bus 0 bus_irq 0 global_irq 2 high edge)
[    0.021252] ACPI: IRQ0 used by override.
[    0.021253] ACPI: IRQ9 used by override.
[    0.021257] Using ACPI (MADT) for SMP configuration information
[    0.021258] ACPI: HPET id: 0x8086af01 base: 0xfed00000
[    0.021262] TSC deadline timer available
[    0.021269] smpboot: Allowing 128 CPUs, 126 hotplug CPUs
[    0.021282] PM: hibernation: Registered nosave memory: [mem 0x00000000-0x00000fff]
[    0.021284] PM: hibernation: Registered nosave memory: [mem 0x0009e000-0x0009efff]
[    0.021285] PM: hibernation: Registered nosave memory: [mem 0x0009f000-0x0009ffff]
[    0.021285] PM: hibernation: Registered nosave memory: [mem 0x000a0000-0x000dbfff]
[    0.021286] PM: hibernation: Registered nosave memory: [mem 0x000dc000-0x000fffff]
[    0.021287] PM: hibernation: Registered nosave memory: [mem 0x7fee0000-0x7fefefff]
[    0.021288] PM: hibernation: Registered nosave memory: [mem 0x7feff000-0x7fefffff]
[    0.021289] [mem 0x80000000-0xefffffff] available for PCI devices
[    0.021290] Booting paravirtualized kernel on VMware hypervisor
[    0.021293] clocksource: refined-jiffies: mask: 0xffffffff max_cycles: 0xffffffff, max_idle_ns: 7645519600211568 ns
[    0.021300] setup_percpu: NR_CPUS:8192 nr_cpumask_bits:128 nr_cpu_ids:128 nr_node_ids:1
[    0.162143] percpu: Embedded 57 pages/cpu s196608 r8192 d28672 u262144
[    0.162158] pcpu-alloc: s196608 r8192 d28672 u262144 alloc=1*2097152
[    0.162161] pcpu-alloc: [0] 000 001 002 003 004 005 006 007 
[    0.162166] pcpu-alloc: [0] 008 009 010 011 012 013 014 015 
[    0.162171] pcpu-alloc: [0] 016 017 018 019 020 021 022 023 
[    0.162175] pcpu-alloc: [0] 024 025 026 027 028 029 030 031 
[    0.162179] pcpu-alloc: [0] 032 033 034 035 036 037 038 039 
[    0.162183] pcpu-alloc: [0] 040 041 042 043 044 045 046 047 
[    0.162187] pcpu-alloc: [0] 048 049 050 051 052 053 054 055 
[    0.162191] pcpu-alloc: [0] 056 057 058 059 060 061 062 063 
[    0.162195] pcpu-alloc: [0] 064 065 066 067 068 069 070 071 
[    0.162199] pcpu-alloc: [0] 072 073 074 075 076 077 078 079 
[    0.162203] pcpu-alloc: [0] 080 081 082 083 084 085 086 087 
[    0.162207] pcpu-alloc: [0] 088 089 090 091 092 093 094 095 
[    0.162211] pcpu-alloc: [0] 096 097 098 099 100 101 102 103 
[    0.162215] pcpu-alloc: [0] 104 105 106 107 108 109 110 111 
[    0.162219] pcpu-alloc: [0] 112 113 114 115 116 117 118 119 
[    0.162223] pcpu-alloc: [0] 120 121 122 123 124 125 126 127 
[    0.162269] Built 1 zonelists, mobility grouping on.  Total pages: 515808
[    0.162271] Policy zone: DMA32
[    0.162273] Kernel command line: BOOT_IMAGE=/boot/vmlinuz-5.13.0-20-generic root=UUID=c2353b7c-cd48-481a-a028-0a12207a0d34 ro find_preseed=/preseed.cfg auto noprompt priority=critical locale=en_US quiet
[    0.162391] printk: log_buf_len individual max cpu contribution: 4096 bytes
[    0.162392] printk: log_buf_len total cpu_extra contributions: 520192 bytes
[    0.162393] printk: log_buf_len min size: 262144 bytes
[    0.179875] printk: log_buf_len: 1048576 bytes
[    0.179878] printk: early log buf free: 238544(90%)
[    0.188792] Dentry cache hash table entries: 262144 (order: 9, 2097152 bytes, linear)
[    0.193156] Inode-cache hash table entries: 131072 (order: 8, 1048576 bytes, linear)
[    0.195640] mem auto-init: stack:off, heap alloc:on, heap free:off
[    0.201682] Memory: 1940808K/2096628K available (16393K kernel code, 3507K rwdata, 10500K rodata, 2860K init, 5768K bss, 155560K reserved, 0K cma-reserved)
[    0.201690] random: get_random_u64 called from kmem_cache_open+0x25/0x330 with crng_init=0
[    0.201946] SLUB: HWalign=64, Order=0-3, MinObjects=0, CPUs=128, Nodes=1
[    0.201967] Kernel/User page tables isolation: enabled
[    0.202044] ftrace: allocating 49705 entries in 195 pages
[    0.215986] ftrace: allocated 195 pages with 4 groups
[    0.216375] rcu: Hierarchical RCU implementation.
[    0.216377] rcu: 	RCU restricting CPUs from NR_CPUS=8192 to nr_cpu_ids=128.
[    0.216378] 	Rude variant of Tasks RCU enabled.
[    0.216379] 	Tracing variant of Tasks RCU enabled.
[    0.216380] rcu: RCU calculated value of scheduler-enlistment delay is 25 jiffies.
[    0.216381] rcu: Adjusting geometry for rcu_fanout_leaf=16, nr_cpu_ids=128
[    0.219965] NR_IRQS: 524544, nr_irqs: 1448, preallocated irqs: 16
[    0.220377] random: crng done (trusting CPU's manufacturer)
[    0.221989] Console: colour VGA+ 80x25
[    0.222011] printk: console [tty0] enabled
[    0.222050] ACPI: Core revision 20210331
[    0.222318] clocksource: hpet: mask: 0xffffffff max_cycles: 0xffffffff, max_idle_ns: 133484882848 ns
[    0.222386] APIC: Switch to symmetric I/O mode setup
[    0.222535] x2apic enabled
[    0.222801] Switched APIC routing to physical x2apic.
[    0.224074] ..TIMER: vector=0x30 apic1=0 pin1=2 apic2=-1 pin2=-1
[    0.224112] clocksource: tsc-early: mask: 0xffffffffffffffff max_cycles: 0x271783928df, max_idle_ns: 440795282907 ns
[    0.224119] Calibrating delay loop (skipped) preset value.. 5423.99 BogoMIPS (lpj=10847988)
[    0.224123] pid_max: default: 131072 minimum: 1024
[    0.224197] LSM: Security Framework initializing
[    0.224213] Yama: becoming mindful.
[    0.224250] AppArmor: AppArmor initialized
[    0.224298] Mount-cache hash table entries: 4096 (order: 3, 32768 bytes, linear)
[    0.224305] Mountpoint-cache hash table entries: 4096 (order: 3, 32768 bytes, linear)
[    0.224788] Disabled fast string operations
[    0.224875] Last level iTLB entries: 4KB 64, 2MB 8, 4MB 8
[    0.224877] Last level dTLB entries: 4KB 64, 2MB 0, 4MB 0, 1GB 4
[    0.224881] Spectre V1 : Mitigation: usercopy/swapgs barriers and __user pointer sanitization
[    0.224883] Spectre V2 : Mitigation: Full generic retpoline
[    0.224884] Spectre V2 : Spectre v2 / SpectreRSB mitigation: Filling RSB on context switch
[    0.224884] Spectre V2 : Enabling Restricted Speculation for firmware calls
[    0.224886] Spectre V2 : mitigation: Enabling conditional Indirect Branch Prediction Barrier
[    0.224887] Speculative Store Bypass: Mitigation: Speculative Store Bypass disabled via prctl and seccomp
[    0.224889] SRBDS: Unknown: Dependent on hypervisor status
[    0.224890] MDS: Vulnerable: Clear CPU buffers attempted, no microcode
[    0.230934] Freeing SMP alternatives memory: 40K
[    0.232273] smpboot: CPU0: Intel(R) Core(TM) i5-7200U CPU @ 2.50GHz (family: 0x6, model: 0x8e, stepping: 0x9)
[    0.232430] Performance Events: Skylake events, core PMU driver.
[    0.232455] core: CPUID marked event: 'cpu cycles' unavailable
[    0.232456] core: CPUID marked event: 'instructions' unavailable
[    0.232456] core: CPUID marked event: 'bus cycles' unavailable
[    0.232457] core: CPUID marked event: 'cache references' unavailable
[    0.232457] core: CPUID marked event: 'cache misses' unavailable
[    0.232458] core: CPUID marked event: 'branch instructions' unavailable
[    0.232458] core: CPUID marked event: 'branch misses' unavailable
[    0.232460] ... version:                1
[    0.232460] ... bit width:              48
[    0.232461] ... generic registers:      4
[    0.232461] ... value mask:             0000ffffffffffff
[    0.232462] ... max period:             000000007fffffff
[    0.232463] ... fixed-purpose events:   0
[    0.232463] ... event mask:             000000000000000f
[    0.232576] rcu: Hierarchical SRCU implementation.
[    0.232975] NMI watchdog: Perf NMI watchdog permanently disabled
[    0.233963] smp: Bringing up secondary CPUs ...
[    0.234071] x86: Booting SMP configuration:
[    0.234072] .... node  #0, CPUs:          #1
[    0.007787] Disabled fast string operations
[    0.007787] smpboot: CPU 1 Converting physical 2 to logical package 1
[    0.007787] smpboot: CPU 1 Converting physical 0 to logical die 1
[    0.235134] smp: Brought up 1 node, 2 CPUs
[    0.235134] smpboot: Max logical packages: 128
[    0.235134] smpboot: Total of 2 processors activated (10847.98 BogoMIPS)
[    0.235134] devtmpfs: initialized
[    0.235134] x86/mm: Memory block size: 128MB
[    0.236193] PM: Registering ACPI NVS region [mem 0x7feff000-0x7fefffff] (4096 bytes)
[    0.236258] clocksource: jiffies: mask: 0xffffffff max_cycles: 0xffffffff, max_idle_ns: 7645041785100000 ns
[    0.236570] futex hash table entries: 32768 (order: 9, 2097152 bytes, linear)
[    0.236943] pinctrl core: initialized pinctrl subsystem
[    0.237149] PM: RTC time: 03:10:14, date: 2021-11-10
[    0.237641] NET: Registered protocol family 16
[    0.237766] DMA: preallocated 256 KiB GFP_KERNEL pool for atomic allocations
[    0.237843] DMA: preallocated 256 KiB GFP_KERNEL|GFP_DMA pool for atomic allocations
[    0.237880] DMA: preallocated 256 KiB GFP_KERNEL|GFP_DMA32 pool for atomic allocations
[    0.237887] audit: initializing netlink subsys (disabled)
[    0.237936] audit: type=2000 audit(1636513814.012:1): state=initialized audit_enabled=0 res=1
[    0.237936] thermal_sys: Registered thermal governor 'fair_share'
[    0.237936] thermal_sys: Registered thermal governor 'bang_bang'
[    0.237936] thermal_sys: Registered thermal governor 'step_wise'
[    0.237936] thermal_sys: Registered thermal governor 'user_space'
[    0.237936] thermal_sys: Registered thermal governor 'power_allocator'
[    0.237936] EISA bus registered
[    0.237936] cpuidle: using governor ladder
[    0.237936] cpuidle: using governor menu
[    0.237936] Simple Boot Flag at 0x36 set to 0x80
[    0.237936] ACPI: bus type PCI registered
[    0.237936] acpiphp: ACPI Hot Plug PCI Controller Driver version: 0.5
[    0.237936] PCI: MMCONFIG for domain 0000 [bus 00-7f] at [mem 0xf0000000-0xf7ffffff] (base 0xf0000000)
[    0.237936] PCI: MMCONFIG at [mem 0xf0000000-0xf7ffffff] reserved in E820
[    0.237936] PCI: Using configuration type 1 for base access
[    0.237936] Kprobes globally optimized
[    0.240248] HugeTLB registered 1.00 GiB page size, pre-allocated 0 pages
[    0.240248] HugeTLB registered 2.00 MiB page size, pre-allocated 0 pages
[    0.248281] ACPI: Added _OSI(Module Device)
[    0.248283] ACPI: Added _OSI(Processor Device)
[    0.248284] ACPI: Added _OSI(3.0 _SCP Extensions)
[    0.248284] ACPI: Added _OSI(Processor Aggregator Device)
[    0.248285] ACPI: Added _OSI(Linux-Dell-Video)
[    0.248286] ACPI: Added _OSI(Linux-Lenovo-NV-HDMI-Audio)
[    0.248287] ACPI: Added _OSI(Linux-HPI-Hybrid-Graphics)
[    0.262697] ACPI: 1 ACPI AML tables successfully acquired and loaded
[    0.264564] ACPI: [Firmware Bug]: BIOS _OSI(Linux) query ignored
[    0.285293] ACPI: Interpreter enabled
[    0.285307] ACPI: (supports S0 S1 S4 S5)
[    0.285309] ACPI: Using IOAPIC for interrupt routing
[    0.285331] PCI: Using host bridge windows from ACPI; if necessary, use "pci=nocrs" and report a bug
[    0.286044] ACPI: Enabled 4 GPEs in block 00 to 0F
[    0.347023] ACPI: PCI Root Bridge [PCI0] (domain 0000 [bus 00-7f])
[    0.347033] acpi PNP0A03:00: _OSC: OS supports [ExtendedConfig ASPM ClockPM Segments MSI HPX-Type3]
[    0.347257] acpi PNP0A03:00: _OSC: platform does not support [AER LTR]
[    0.347503] acpi PNP0A03:00: _OSC: OS now controls [PCIeHotplug SHPCHotplug PME PCIeCapability]
[    0.349670] PCI host bridge to bus 0000:00
[    0.349676] pci_bus 0000:00: root bus resource [bus 00-7f]
[    0.349678] pci_bus 0000:00: root bus resource [io  0x0000-0x0cf7 window]
[    0.349679] pci_bus 0000:00: root bus resource [io  0x0d00-0xfeff window]
[    0.349680] pci_bus 0000:00: root bus resource [mem 0x000a0000-0x000bffff window]
[    0.349682] pci_bus 0000:00: root bus resource [mem 0x000d0000-0x000dbfff window]
[    0.349683] pci_bus 0000:00: root bus resource [mem 0xc0000000-0xfebfffff window]
[    0.349841] pci 0000:00:00.0: [8086:7190] type 00 class 0x060000
[    0.350807] pci 0000:00:01.0: [8086:7191] type 01 class 0x060400
[    0.352571] pci 0000:00:07.0: [8086:7110] type 00 class 0x060100
[    0.353448] pci 0000:00:07.1: [8086:7111] type 00 class 0x01018a
[    0.354920] pci 0000:00:07.1: reg 0x20: [io  0x1060-0x106f]
[    0.355402] pci 0000:00:07.1: legacy IDE quirk: reg 0x10: [io  0x01f0-0x01f7]
[    0.355404] pci 0000:00:07.1: legacy IDE quirk: reg 0x14: [io  0x03f6]
[    0.355405] pci 0000:00:07.1: legacy IDE quirk: reg 0x18: [io  0x0170-0x0177]
[    0.355406] pci 0000:00:07.1: legacy IDE quirk: reg 0x1c: [io  0x0376]
[    0.355703] pci 0000:00:07.3: [8086:7113] type 00 class 0x068000
[    0.357093] pci 0000:00:07.3: quirk: [io  0x1000-0x103f] claimed by PIIX4 ACPI
[    0.357106] pci 0000:00:07.3: quirk: [io  0x1040-0x104f] claimed by PIIX4 SMB
[    0.357521] pci 0000:00:07.7: [15ad:0740] type 00 class 0x088000
[    0.358196] pci 0000:00:07.7: reg 0x10: [io  0x1080-0x10bf]
[    0.358672] pci 0000:00:07.7: reg 0x14: [mem 0xfebfe000-0xfebfffff 64bit]
[    0.362498] pci 0000:00:0f.0: [15ad:0405] type 00 class 0x030000
[    0.364117] pci 0000:00:0f.0: reg 0x10: [io  0x1070-0x107f]
[    0.365714] pci 0000:00:0f.0: reg 0x14: [mem 0xe8000000-0xefffffff pref]
[    0.367115] pci 0000:00:0f.0: reg 0x18: [mem 0xfe000000-0xfe7fffff]
[    0.372122] pci 0000:00:0f.0: reg 0x30: [mem 0x00000000-0x00007fff pref]
[    0.373036] pci 0000:00:10.0: [1000:0030] type 00 class 0x010000
[    0.374114] pci 0000:00:10.0: reg 0x10: [io  0x1400-0x14ff]
[    0.375021] pci 0000:00:10.0: reg 0x14: [mem 0xfeba0000-0xfebbffff 64bit]
[    0.375711] pci 0000:00:10.0: reg 0x1c: [mem 0xfebc0000-0xfebdffff 64bit]
[    0.376724] pci 0000:00:10.0: reg 0x30: [mem 0x00000000-0x00003fff pref]
[    0.377568] pci 0000:00:11.0: [15ad:0790] type 01 class 0x060401
[    0.379296] pci 0000:00:15.0: [15ad:07a0] type 01 class 0x060400
[    0.380298] pci 0000:00:15.0: PME# supported from D0 D3hot D3cold
[    0.380753] pci 0000:00:15.1: [15ad:07a0] type 01 class 0x060400
[    0.381734] pci 0000:00:15.1: PME# supported from D0 D3hot D3cold
[    0.382181] pci 0000:00:15.2: [15ad:07a0] type 01 class 0x060400
[    0.383165] pci 0000:00:15.2: PME# supported from D0 D3hot D3cold
[    0.383717] pci 0000:00:15.3: [15ad:07a0] type 01 class 0x060400
[    0.384692] pci 0000:00:15.3: PME# supported from D0 D3hot D3cold
[    0.385139] pci 0000:00:15.4: [15ad:07a0] type 01 class 0x060400
[    0.386114] pci 0000:00:15.4: PME# supported from D0 D3hot D3cold
[    0.386750] pci 0000:00:15.5: [15ad:07a0] type 01 class 0x060400
[    0.387735] pci 0000:00:15.5: PME# supported from D0 D3hot D3cold
[    0.388340] pci 0000:00:15.6: [15ad:07a0] type 01 class 0x060400
[    0.389338] pci 0000:00:15.6: PME# supported from D0 D3hot D3cold
[    0.389789] pci 0000:00:15.7: [15ad:07a0] type 01 class 0x060400
[    0.390797] pci 0000:00:15.7: PME# supported from D0 D3hot D3cold
[    0.391439] pci 0000:00:16.0: [15ad:07a0] type 01 class 0x060400
[    0.392427] pci 0000:00:16.0: PME# supported from D0 D3hot D3cold
[    0.392875] pci 0000:00:16.1: [15ad:07a0] type 01 class 0x060400
[    0.393900] pci 0000:00:16.1: PME# supported from D0 D3hot D3cold
[    0.394358] pci 0000:00:16.2: [15ad:07a0] type 01 class 0x060400
[    0.395339] pci 0000:00:16.2: PME# supported from D0 D3hot D3cold
[    0.395790] pci 0000:00:16.3: [15ad:07a0] type 01 class 0x060400
[    0.396879] pci 0000:00:16.3: PME# supported from D0 D3hot D3cold
[    0.397339] pci 0000:00:16.4: [15ad:07a0] type 01 class 0x060400
[    0.398428] pci 0000:00:16.4: PME# supported from D0 D3hot D3cold
[    0.398886] pci 0000:00:16.5: [15ad:07a0] type 01 class 0x060400
[    0.399886] pci 0000:00:16.5: PME# supported from D0 D3hot D3cold
[    0.400347] pci 0000:00:16.6: [15ad:07a0] type 01 class 0x060400
[    0.401330] pci 0000:00:16.6: PME# supported from D0 D3hot D3cold
[    0.401786] pci 0000:00:16.7: [15ad:07a0] type 01 class 0x060400
[    0.402773] pci 0000:00:16.7: PME# supported from D0 D3hot D3cold
[    0.403443] pci 0000:00:17.0: [15ad:07a0] type 01 class 0x060400
[    0.404428] pci 0000:00:17.0: PME# supported from D0 D3hot D3cold
[    0.404875] pci 0000:00:17.1: [15ad:07a0] type 01 class 0x060400
[    0.405856] pci 0000:00:17.1: PME# supported from D0 D3hot D3cold
[    0.406312] pci 0000:00:17.2: [15ad:07a0] type 01 class 0x060400
[    0.407391] pci 0000:00:17.2: PME# supported from D0 D3hot D3cold
[    0.407841] pci 0000:00:17.3: [15ad:07a0] type 01 class 0x060400
[    0.408906] pci 0000:00:17.3: PME# supported from D0 D3hot D3cold
[    0.409376] pci 0000:00:17.4: [15ad:07a0] type 01 class 0x060400
[    0.410361] pci 0000:00:17.4: PME# supported from D0 D3hot D3cold
[    0.410809] pci 0000:00:17.5: [15ad:07a0] type 01 class 0x060400
[    0.411797] pci 0000:00:17.5: PME# supported from D0 D3hot D3cold
[    0.412242] pci 0000:00:17.6: [15ad:07a0] type 01 class 0x060400
[    0.413277] pci 0000:00:17.6: PME# supported from D0 D3hot D3cold
[    0.413730] pci 0000:00:17.7: [15ad:07a0] type 01 class 0x060400
[    0.414718] pci 0000:00:17.7: PME# supported from D0 D3hot D3cold
[    0.415357] pci 0000:00:18.0: [15ad:07a0] type 01 class 0x060400
[    0.416441] pci 0000:00:18.0: PME# supported from D0 D3hot D3cold
[    0.416891] pci 0000:00:18.1: [15ad:07a0] type 01 class 0x060400
[    0.417956] pci 0000:00:18.1: PME# supported from D0 D3hot D3cold
[    0.418437] pci 0000:00:18.2: [15ad:07a0] type 01 class 0x060400
[    0.419434] pci 0000:00:18.2: PME# supported from D0 D3hot D3cold
[    0.419887] pci 0000:00:18.3: [15ad:07a0] type 01 class 0x060400
[    0.420866] pci 0000:00:18.3: PME# supported from D0 D3hot D3cold
[    0.421324] pci 0000:00:18.4: [15ad:07a0] type 01 class 0x060400
[    0.422304] pci 0000:00:18.4: PME# supported from D0 D3hot D3cold
[    0.422751] pci 0000:00:18.5: [15ad:07a0] type 01 class 0x060400
[    0.423771] pci 0000:00:18.5: PME# supported from D0 D3hot D3cold
[    0.424224] pci 0000:00:18.6: [15ad:07a0] type 01 class 0x060400
[    0.425219] pci 0000:00:18.6: PME# supported from D0 D3hot D3cold
[    0.425668] pci 0000:00:18.7: [15ad:07a0] type 01 class 0x060400
[    0.426744] pci 0000:00:18.7: PME# supported from D0 D3hot D3cold
[    0.428576] pci_bus 0000:01: extended config space not accessible
[    0.434281] pci 0000:00:01.0: PCI bridge to [bus 01]
[    0.434547] pci_bus 0000:02: extended config space not accessible
[    0.434760] acpiphp: Slot [32] registered
[    0.434787] acpiphp: Slot [33] registered
[    0.434811] acpiphp: Slot [34] registered
[    0.434834] acpiphp: Slot [35] registered
[    0.434856] acpiphp: Slot [36] registered
[    0.434879] acpiphp: Slot [37] registered
[    0.434903] acpiphp: Slot [38] registered
[    0.434925] acpiphp: Slot [39] registered
[    0.434946] acpiphp: Slot [40] registered
[    0.434968] acpiphp: Slot [41] registered
[    0.434990] acpiphp: Slot [42] registered
[    0.435011] acpiphp: Slot [43] registered
[    0.435036] acpiphp: Slot [44] registered
[    0.435066] acpiphp: Slot [45] registered
[    0.435096] acpiphp: Slot [46] registered
[    0.435187] acpiphp: Slot [47] registered
[    0.435217] acpiphp: Slot [48] registered
[    0.435248] acpiphp: Slot [49] registered
[    0.435280] acpiphp: Slot [50] registered
[    0.435311] acpiphp: Slot [51] registered
[    0.435341] acpiphp: Slot [52] registered
[    0.435372] acpiphp: Slot [53] registered
[    0.435402] acpiphp: Slot [54] registered
[    0.435437] acpiphp: Slot [55] registered
[    0.435485] acpiphp: Slot [56] registered
[    0.435529] acpiphp: Slot [57] registered
[    0.435570] acpiphp: Slot [58] registered
[    0.435607] acpiphp: Slot [59] registered
[    0.435630] acpiphp: Slot [60] registered
[    0.435665] acpiphp: Slot [61] registered
[    0.435692] acpiphp: Slot [62] registered
[    0.435717] acpiphp: Slot [63] registered
[    0.435807] pci 0000:02:00.0: [15ad:0774] type 00 class 0x0c0300
[    0.437499] pci 0000:02:00.0: reg 0x20: [io  0x2080-0x209f]
[    0.439221] pci 0000:02:01.0: [8086:100f] type 00 class 0x020000
[    0.440122] pci 0000:02:01.0: reg 0x10: [mem 0xfd5c0000-0xfd5dffff 64bit]
[    0.441227] pci 0000:02:01.0: reg 0x18: [mem 0xfdff0000-0xfdffffff 64bit]
[    0.441863] pci 0000:02:01.0: reg 0x20: [io  0x2000-0x203f]
[    0.443075] pci 0000:02:01.0: reg 0x30: [mem 0x00000000-0x0000ffff pref]
[    0.443415] pci 0000:02:01.0: PME# supported from D0 D3hot D3cold
[    0.444177] pci 0000:02:02.0: [1274:1371] type 00 class 0x040100
[    0.444465] pci 0000:02:02.0: reg 0x10: [io  0x2040-0x207f]
[    0.447091] pci 0000:02:03.0: [15ad:0770] type 00 class 0x0c0320
[    0.447455] pci 0000:02:03.0: reg 0x10: [mem 0xfd5ef000-0xfd5effff]
[    0.450384] pci 0000:02:05.0: [15ad:07e0] type 00 class 0x010601
[    0.452120] pci 0000:02:05.0: reg 0x24: [mem 0xfd5ee000-0xfd5eefff]
[    0.452547] pci 0000:02:05.0: reg 0x30: [mem 0x00000000-0x0000ffff pref]
[    0.452974] pci 0000:02:05.0: PME# supported from D3hot
[    0.458795] pci 0000:00:11.0: PCI bridge to [bus 02] (subtractive decode)
[    0.458824] pci 0000:00:11.0:   bridge window [io  0x2000-0x3fff]
[    0.458848] pci 0000:00:11.0:   bridge window [mem 0xfd500000-0xfdffffff]
[    0.458892] pci 0000:00:11.0:   bridge window [mem 0xe7b00000-0xe7ffffff 64bit pref]
[    0.458895] pci 0000:00:11.0:   bridge window [io  0x0000-0x0cf7 window] (subtractive decode)
[    0.458896] pci 0000:00:11.0:   bridge window [io  0x0d00-0xfeff window] (subtractive decode)
[    0.458897] pci 0000:00:11.0:   bridge window [mem 0x000a0000-0x000bffff window] (subtractive decode)
[    0.458899] pci 0000:00:11.0:   bridge window [mem 0x000d0000-0x000dbfff window] (subtractive decode)
[    0.458900] pci 0000:00:11.0:   bridge window [mem 0xc0000000-0xfebfffff window] (subtractive decode)
[    0.464741] pci 0000:00:15.0: PCI bridge to [bus 03]
[    0.464767] pci 0000:00:15.0:   bridge window [io  0x4000-0x4fff]
[    0.464789] pci 0000:00:15.0:   bridge window [mem 0xfd400000-0xfd4fffff]
[    0.464833] pci 0000:00:15.0:   bridge window [mem 0xe7a00000-0xe7afffff 64bit pref]
[    0.471025] pci 0000:00:15.1: PCI bridge to [bus 04]
[    0.471051] pci 0000:00:15.1:   bridge window [io  0x8000-0x8fff]
[    0.471074] pci 0000:00:15.1:   bridge window [mem 0xfd000000-0xfd0fffff]
[    0.471137] pci 0000:00:15.1:   bridge window [mem 0xe7600000-0xe76fffff 64bit pref]
[    0.476314] pci 0000:00:15.2: PCI bridge to [bus 05]
[    0.476340] pci 0000:00:15.2:   bridge window [io  0xc000-0xcfff]
[    0.476363] pci 0000:00:15.2:   bridge window [mem 0xfcc00000-0xfccfffff]
[    0.476406] pci 0000:00:15.2:   bridge window [mem 0xe7200000-0xe72fffff 64bit pref]
[    0.481539] pci 0000:00:15.3: PCI bridge to [bus 06]
[    0.481584] pci 0000:00:15.3:   bridge window [mem 0xfc800000-0xfc8fffff]
[    0.481627] pci 0000:00:15.3:   bridge window [mem 0xe6e00000-0xe6efffff 64bit pref]
[    0.487795] pci 0000:00:15.4: PCI bridge to [bus 07]
[    0.487841] pci 0000:00:15.4:   bridge window [mem 0xfc400000-0xfc4fffff]
[    0.487885] pci 0000:00:15.4:   bridge window [mem 0xe6a00000-0xe6afffff 64bit pref]
[    0.494023] pci 0000:00:15.5: PCI bridge to [bus 08]
[    0.494070] pci 0000:00:15.5:   bridge window [mem 0xfc000000-0xfc0fffff]
[    0.494116] pci 0000:00:15.5:   bridge window [mem 0xe6600000-0xe66fffff 64bit pref]
[    0.500117] pci 0000:00:15.6: PCI bridge to [bus 09]
[    0.500151] pci 0000:00:15.6:   bridge window [mem 0xfbc00000-0xfbcfffff]
[    0.500194] pci 0000:00:15.6:   bridge window [mem 0xe6200000-0xe62fffff 64bit pref]
[    0.505544] pci 0000:00:15.7: PCI bridge to [bus 0a]
[    0.505592] pci 0000:00:15.7:   bridge window [mem 0xfb800000-0xfb8fffff]
[    0.505635] pci 0000:00:15.7:   bridge window [mem 0xe5e00000-0xe5efffff 64bit pref]
[    0.511789] pci 0000:00:16.0: PCI bridge to [bus 0b]
[    0.511813] pci 0000:00:16.0:   bridge window [io  0x5000-0x5fff]
[    0.511836] pci 0000:00:16.0:   bridge window [mem 0xfd300000-0xfd3fffff]
[    0.511878] pci 0000:00:16.0:   bridge window [mem 0xe7900000-0xe79fffff 64bit pref]
[    0.518090] pci 0000:00:16.1: PCI bridge to [bus 0c]
[    0.518120] pci 0000:00:16.1:   bridge window [io  0x9000-0x9fff]
[    0.518143] pci 0000:00:16.1:   bridge window [mem 0xfcf00000-0xfcffffff]
[    0.518187] pci 0000:00:16.1:   bridge window [mem 0xe7500000-0xe75fffff 64bit pref]
[    0.524346] pci 0000:00:16.2: PCI bridge to [bus 0d]
[    0.524372] pci 0000:00:16.2:   bridge window [io  0xd000-0xdfff]
[    0.524395] pci 0000:00:16.2:   bridge window [mem 0xfcb00000-0xfcbfffff]
[    0.524438] pci 0000:00:16.2:   bridge window [mem 0xe7100000-0xe71fffff 64bit pref]
[    0.530663] pci 0000:00:16.3: PCI bridge to [bus 0e]
[    0.530710] pci 0000:00:16.3:   bridge window [mem 0xfc700000-0xfc7fffff]
[    0.530754] pci 0000:00:16.3:   bridge window [mem 0xe6d00000-0xe6dfffff 64bit pref]
[    0.536002] pci 0000:00:16.4: PCI bridge to [bus 0f]
[    0.536052] pci 0000:00:16.4:   bridge window [mem 0xfc300000-0xfc3fffff]
[    0.536096] pci 0000:00:16.4:   bridge window [mem 0xe6900000-0xe69fffff 64bit pref]
[    0.541240] pci 0000:00:16.5: PCI bridge to [bus 10]
[    0.541284] pci 0000:00:16.5:   bridge window [mem 0xfbf00000-0xfbffffff]
[    0.541327] pci 0000:00:16.5:   bridge window [mem 0xe6500000-0xe65fffff 64bit pref]
[    0.547699] pci 0000:00:16.6: PCI bridge to [bus 11]
[    0.547753] pci 0000:00:16.6:   bridge window [mem 0xfbb00000-0xfbbfffff]
[    0.547796] pci 0000:00:16.6:   bridge window [mem 0xe6100000-0xe61fffff 64bit pref]
[    0.553254] pci 0000:00:16.7: PCI bridge to [bus 12]
[    0.553308] pci 0000:00:16.7:   bridge window [mem 0xfb700000-0xfb7fffff]
[    0.553352] pci 0000:00:16.7:   bridge window [mem 0xe5d00000-0xe5dfffff 64bit pref]
[    0.558563] pci 0000:00:17.0: PCI bridge to [bus 13]
[    0.558588] pci 0000:00:17.0:   bridge window [io  0x6000-0x6fff]
[    0.558610] pci 0000:00:17.0:   bridge window [mem 0xfd200000-0xfd2fffff]
[    0.558653] pci 0000:00:17.0:   bridge window [mem 0xe7800000-0xe78fffff 64bit pref]
[    0.564822] pci 0000:00:17.1: PCI bridge to [bus 14]
[    0.564851] pci 0000:00:17.1:   bridge window [io  0xa000-0xafff]
[    0.564874] pci 0000:00:17.1:   bridge window [mem 0xfce00000-0xfcefffff]
[    0.564919] pci 0000:00:17.1:   bridge window [mem 0xe7400000-0xe74fffff 64bit pref]
[    0.571091] pci 0000:00:17.2: PCI bridge to [bus 15]
[    0.571128] pci 0000:00:17.2:   bridge window [io  0xe000-0xefff]
[    0.571177] pci 0000:00:17.2:   bridge window [mem 0xfca00000-0xfcafffff]
[    0.571234] pci 0000:00:17.2:   bridge window [mem 0xe7000000-0xe70fffff 64bit pref]
[    0.577408] pci 0000:00:17.3: PCI bridge to [bus 16]
[    0.577453] pci 0000:00:17.3:   bridge window [mem 0xfc600000-0xfc6fffff]
[    0.577499] pci 0000:00:17.3:   bridge window [mem 0xe6c00000-0xe6cfffff 64bit pref]
[    0.583666] pci 0000:00:17.4: PCI bridge to [bus 17]
[    0.583715] pci 0000:00:17.4:   bridge window [mem 0xfc200000-0xfc2fffff]
[    0.583759] pci 0000:00:17.4:   bridge window [mem 0xe6800000-0xe68fffff 64bit pref]
[    0.588906] pci 0000:00:17.5: PCI bridge to [bus 18]
[    0.588951] pci 0000:00:17.5:   bridge window [mem 0xfbe00000-0xfbefffff]
[    0.588995] pci 0000:00:17.5:   bridge window [mem 0xe6400000-0xe64fffff 64bit pref]
[    0.595172] pci 0000:00:17.6: PCI bridge to [bus 19]
[    0.595219] pci 0000:00:17.6:   bridge window [mem 0xfba00000-0xfbafffff]
[    0.595262] pci 0000:00:17.6:   bridge window [mem 0xe6000000-0xe60fffff 64bit pref]
[    0.601465] pci 0000:00:17.7: PCI bridge to [bus 1a]
[    0.601514] pci 0000:00:17.7:   bridge window [mem 0xfb600000-0xfb6fffff]
[    0.601558] pci 0000:00:17.7:   bridge window [mem 0xe5c00000-0xe5cfffff 64bit pref]
[    0.607711] pci 0000:00:18.0: PCI bridge to [bus 1b]
[    0.607736] pci 0000:00:18.0:   bridge window [io  0x7000-0x7fff]
[    0.607758] pci 0000:00:18.0:   bridge window [mem 0xfd100000-0xfd1fffff]
[    0.607801] pci 0000:00:18.0:   bridge window [mem 0xe7700000-0xe77fffff 64bit pref]
[    0.613986] pci 0000:00:18.1: PCI bridge to [bus 1c]
[    0.614013] pci 0000:00:18.1:   bridge window [io  0xb000-0xbfff]
[    0.614036] pci 0000:00:18.1:   bridge window [mem 0xfcd00000-0xfcdfffff]
[    0.614080] pci 0000:00:18.1:   bridge window [mem 0xe7300000-0xe73fffff 64bit pref]
[    0.620224] pci 0000:00:18.2: PCI bridge to [bus 1d]
[    0.620269] pci 0000:00:18.2:   bridge window [mem 0xfc900000-0xfc9fffff]
[    0.620312] pci 0000:00:18.2:   bridge window [mem 0xe6f00000-0xe6ffffff 64bit pref]
[    0.626500] pci 0000:00:18.3: PCI bridge to [bus 1e]
[    0.626548] pci 0000:00:18.3:   bridge window [mem 0xfc500000-0xfc5fffff]
[    0.626591] pci 0000:00:18.3:   bridge window [mem 0xe6b00000-0xe6bfffff 64bit pref]
[    0.632809] pci 0000:00:18.4: PCI bridge to [bus 1f]
[    0.632862] pci 0000:00:18.4:   bridge window [mem 0xfc100000-0xfc1fffff]
[    0.632906] pci 0000:00:18.4:   bridge window [mem 0xe6700000-0xe67fffff 64bit pref]
[    0.638077] pci 0000:00:18.5: PCI bridge to [bus 20]
[    0.638130] pci 0000:00:18.5:   bridge window [mem 0xfbd00000-0xfbdfffff]
[    0.638173] pci 0000:00:18.5:   bridge window [mem 0xe6300000-0xe63fffff 64bit pref]
[    0.644437] pci 0000:00:18.6: PCI bridge to [bus 21]
[    0.644490] pci 0000:00:18.6:   bridge window [mem 0xfb900000-0xfb9fffff]
[    0.644534] pci 0000:00:18.6:   bridge window [mem 0xe5f00000-0xe5ffffff 64bit pref]
[    0.650921] pci 0000:00:18.7: PCI bridge to [bus 22]
[    0.650981] pci 0000:00:18.7:   bridge window [mem 0xfb500000-0xfb5fffff]
[    0.651025] pci 0000:00:18.7:   bridge window [mem 0xe5b00000-0xe5bfffff 64bit pref]
[    0.653868] ACPI: PCI: Interrupt link LNKA configured for IRQ 9
[    0.653964] ACPI: PCI: Interrupt link LNKB configured for IRQ 11
[    0.654056] ACPI: PCI: Interrupt link LNKC configured for IRQ 10
[    0.654159] ACPI: PCI: Interrupt link LNKD configured for IRQ 7
[    0.670873] iommu: Default domain type: Translated 
[    0.670873] SCSI subsystem initialized
[    0.670873] libata version 3.00 loaded.
[    0.670873] pci 0000:00:0f.0: vgaarb: setting as boot VGA device
[    0.670873] pci 0000:00:0f.0: vgaarb: VGA device added: decodes=io+mem,owns=io+mem,locks=none
[    0.670873] pci 0000:00:0f.0: vgaarb: bridge control possible
[    0.670873] vgaarb: loaded
[    0.670873] ACPI: bus type USB registered
[    0.670873] usbcore: registered new interface driver usbfs
[    0.670873] usbcore: registered new interface driver hub
[    0.670873] usbcore: registered new device driver usb
[    0.670873] pps_core: LinuxPPS API ver. 1 registered
[    0.670873] pps_core: Software ver. 5.3.6 - Copyright 2005-2007 Rodolfo Giometti <giometti@linux.it>
[    0.670873] PTP clock support registered
[    0.670873] EDAC MC: Ver: 3.0.0
[    0.673626] NetLabel: Initializing
[    0.673626] NetLabel:  domain hash size = 128
[    0.673626] NetLabel:  protocols = UNLABELED CIPSOv4 CALIPSO
[    0.673626] NetLabel:  unlabeled traffic allowed by default
[    0.673626] PCI: Using ACPI for IRQ routing
[    0.700117] PCI: pci_cache_line_size set to 64 bytes
[    0.701121] e820: reserve RAM buffer [mem 0x0009e800-0x0009ffff]
[    0.701142] e820: reserve RAM buffer [mem 0x7fee0000-0x7fffffff]
[    0.701198] hpet0: at MMIO 0xfed00000, IRQs 2, 8, 0, 0, 0, 0, 0, 0, 0, 0, 0, 0, 0, 0, 0, 0
[    0.701198] hpet0: 16 comparators, 64-bit 14.318180 MHz counter
[    0.704178] clocksource: Switched to clocksource tsc-early
[    0.716307] VFS: Disk quotas dquot_6.6.0
[    0.716342] VFS: Dquot-cache hash table entries: 512 (order 0, 4096 bytes)
[    0.716462] AppArmor: AppArmor Filesystem Enabled
[    0.716485] pnp: PnP ACPI init
[    0.716695] system 00:00: [io  0x1000-0x103f] has been reserved
[    0.716698] system 00:00: [io  0x1040-0x104f] has been reserved
[    0.716700] system 00:00: [io  0x0cf0-0x0cf1] has been reserved
[    0.716705] system 00:00: Plug and Play ACPI device, IDs PNP0c02 (active)
[    0.716729] pnp 00:01: Plug and Play ACPI device, IDs PNP0b00 (active)
[    0.716745] pnp 00:02: Plug and Play ACPI device, IDs PNP0303 (active)
[    0.716775] pnp 00:03: Plug and Play ACPI device, IDs VMW0003 PNP0f13 (active)
[    0.717053] system 00:04: [mem 0xfed00000-0xfed003ff] has been reserved
[    0.717061] system 00:04: Plug and Play ACPI device, IDs PNP0103 PNP0c01 (active)
[    0.719123] pnp 00:05: Plug and Play ACPI device, IDs PNP0501 (active)
[    0.719590] system 00:06: [io  0xfce0-0xfcff] has been reserved
[    0.719593] system 00:06: [mem 0xf0000000-0xf7ffffff] has been reserved
[    0.719595] system 00:06: [mem 0xfe800000-0xfe9fffff] has been reserved
[    0.719600] system 00:06: Plug and Play ACPI device, IDs PNP0c02 (active)
[    0.726136] pnp: PnP ACPI: found 7 devices
[    0.740496] clocksource: acpi_pm: mask: 0xffffff max_cycles: 0xffffff, max_idle_ns: 2085701024 ns
[    0.740584] NET: Registered protocol family 2
[    0.740627] IP idents hash table entries: 32768 (order: 6, 262144 bytes, linear)
[    0.741871] tcp_listen_portaddr_hash hash table entries: 1024 (order: 2, 16384 bytes, linear)
[    0.741910] TCP established hash table entries: 16384 (order: 5, 131072 bytes, linear)
[    0.741964] TCP bind hash table entries: 16384 (order: 6, 262144 bytes, linear)
[    0.741984] TCP: Hash tables configured (established 16384 bind 16384)
[    0.742168] MPTCP token hash table entries: 2048 (order: 3, 49152 bytes, linear)
[    0.742187] UDP hash table entries: 1024 (order: 3, 32768 bytes, linear)
[    0.742200] UDP-Lite hash table entries: 1024 (order: 3, 32768 bytes, linear)
[    0.742391] NET: Registered protocol family 1
[    0.742395] NET: Registered protocol family 44
[    0.742415] pci 0000:00:15.3: bridge window [io  0x1000-0x0fff] to [bus 06] add_size 1000
[    0.742419] pci 0000:00:15.4: bridge window [io  0x1000-0x0fff] to [bus 07] add_size 1000
[    0.742422] pci 0000:00:15.5: bridge window [io  0x1000-0x0fff] to [bus 08] add_size 1000
[    0.742424] pci 0000:00:15.6: bridge window [io  0x1000-0x0fff] to [bus 09] add_size 1000
[    0.742426] pci 0000:00:15.7: bridge window [io  0x1000-0x0fff] to [bus 0a] add_size 1000
[    0.742427] pci 0000:00:16.3: bridge window [io  0x1000-0x0fff] to [bus 0e] add_size 1000
[    0.742428] pci 0000:00:16.4: bridge window [io  0x1000-0x0fff] to [bus 0f] add_size 1000
[    0.742430] pci 0000:00:16.5: bridge window [io  0x1000-0x0fff] to [bus 10] add_size 1000
[    0.742431] pci 0000:00:16.6: bridge window [io  0x1000-0x0fff] to [bus 11] add_size 1000
[    0.742432] pci 0000:00:16.7: bridge window [io  0x1000-0x0fff] to [bus 12] add_size 1000
[    0.742434] pci 0000:00:17.3: bridge window [io  0x1000-0x0fff] to [bus 16] add_size 1000
[    0.742435] pci 0000:00:17.4: bridge window [io  0x1000-0x0fff] to [bus 17] add_size 1000
[    0.742436] pci 0000:00:17.5: bridge window [io  0x1000-0x0fff] to [bus 18] add_size 1000
[    0.742438] pci 0000:00:17.6: bridge window [io  0x1000-0x0fff] to [bus 19] add_size 1000
[    0.742439] pci 0000:00:17.7: bridge window [io  0x1000-0x0fff] to [bus 1a] add_size 1000
[    0.742440] pci 0000:00:18.2: bridge window [io  0x1000-0x0fff] to [bus 1d] add_size 1000
[    0.742442] pci 0000:00:18.3: bridge window [io  0x1000-0x0fff] to [bus 1e] add_size 1000
[    0.742443] pci 0000:00:18.4: bridge window [io  0x1000-0x0fff] to [bus 1f] add_size 1000
[    0.742444] pci 0000:00:18.5: bridge window [io  0x1000-0x0fff] to [bus 20] add_size 1000
[    0.742445] pci 0000:00:18.6: bridge window [io  0x1000-0x0fff] to [bus 21] add_size 1000
[    0.742447] pci 0000:00:18.7: bridge window [io  0x1000-0x0fff] to [bus 22] add_size 1000
[    0.742461] pci 0000:00:0f.0: BAR 6: assigned [mem 0xc0000000-0xc0007fff pref]
[    0.742463] pci 0000:00:10.0: BAR 6: assigned [mem 0xc0008000-0xc000bfff pref]
[    0.742466] pci 0000:00:15.3: BAR 13: no space for [io  size 0x1000]
[    0.742467] pci 0000:00:15.3: BAR 13: failed to assign [io  size 0x1000]
[    0.742469] pci 0000:00:15.4: BAR 13: no space for [io  size 0x1000]
[    0.742470] pci 0000:00:15.4: BAR 13: failed to assign [io  size 0x1000]
[    0.742472] pci 0000:00:15.5: BAR 13: no space for [io  size 0x1000]
[    0.742473] pci 0000:00:15.5: BAR 13: failed to assign [io  size 0x1000]
[    0.742474] pci 0000:00:15.6: BAR 13: no space for [io  size 0x1000]
[    0.742475] pci 0000:00:15.6: BAR 13: failed to assign [io  size 0x1000]
[    0.742477] pci 0000:00:15.7: BAR 13: no space for [io  size 0x1000]
[    0.742477] pci 0000:00:15.7: BAR 13: failed to assign [io  size 0x1000]
[    0.742479] pci 0000:00:16.3: BAR 13: no space for [io  size 0x1000]
[    0.742480] pci 0000:00:16.3: BAR 13: failed to assign [io  size 0x1000]
[    0.742481] pci 0000:00:16.4: BAR 13: no space for [io  size 0x1000]
[    0.742482] pci 0000:00:16.4: BAR 13: failed to assign [io  size 0x1000]
[    0.742484] pci 0000:00:16.5: BAR 13: no space for [io  size 0x1000]
[    0.742485] pci 0000:00:16.5: BAR 13: failed to assign [io  size 0x1000]
[    0.742486] pci 0000:00:16.6: BAR 13: no space for [io  size 0x1000]
[    0.742487] pci 0000:00:16.6: BAR 13: failed to assign [io  size 0x1000]
[    0.742488] pci 0000:00:16.7: BAR 13: no space for [io  size 0x1000]
[    0.742489] pci 0000:00:16.7: BAR 13: failed to assign [io  size 0x1000]
[    0.742491] pci 0000:00:17.3: BAR 13: no space for [io  size 0x1000]
[    0.742492] pci 0000:00:17.3: BAR 13: failed to assign [io  size 0x1000]
[    0.742493] pci 0000:00:17.4: BAR 13: no space for [io  size 0x1000]
[    0.742494] pci 0000:00:17.4: BAR 13: failed to assign [io  size 0x1000]
[    0.742496] pci 0000:00:17.5: BAR 13: no space for [io  size 0x1000]
[    0.742496] pci 0000:00:17.5: BAR 13: failed to assign [io  size 0x1000]
[    0.742498] pci 0000:00:17.6: BAR 13: no space for [io  size 0x1000]
[    0.742499] pci 0000:00:17.6: BAR 13: failed to assign [io  size 0x1000]
[    0.742500] pci 0000:00:17.7: BAR 13: no space for [io  size 0x1000]
[    0.742501] pci 0000:00:17.7: BAR 13: failed to assign [io  size 0x1000]
[    0.742503] pci 0000:00:18.2: BAR 13: no space for [io  size 0x1000]
[    0.742504] pci 0000:00:18.2: BAR 13: failed to assign [io  size 0x1000]
[    0.742505] pci 0000:00:18.3: BAR 13: no space for [io  size 0x1000]
[    0.742506] pci 0000:00:18.3: BAR 13: failed to assign [io  size 0x1000]
[    0.742508] pci 0000:00:18.4: BAR 13: no space for [io  size 0x1000]
[    0.742508] pci 0000:00:18.4: BAR 13: failed to assign [io  size 0x1000]
[    0.742510] pci 0000:00:18.5: BAR 13: no space for [io  size 0x1000]
[    0.742511] pci 0000:00:18.5: BAR 13: failed to assign [io  size 0x1000]
[    0.742512] pci 0000:00:18.6: BAR 13: no space for [io  size 0x1000]
[    0.742513] pci 0000:00:18.6: BAR 13: failed to assign [io  size 0x1000]
[    0.742515] pci 0000:00:18.7: BAR 13: no space for [io  size 0x1000]
[    0.742515] pci 0000:00:18.7: BAR 13: failed to assign [io  size 0x1000]
[    0.742519] pci 0000:00:18.7: BAR 13: no space for [io  size 0x1000]
[    0.742520] pci 0000:00:18.7: BAR 13: failed to assign [io  size 0x1000]
[    0.742522] pci 0000:00:18.6: BAR 13: no space for [io  size 0x1000]
[    0.742523] pci 0000:00:18.6: BAR 13: failed to assign [io  size 0x1000]
[    0.742524] pci 0000:00:18.5: BAR 13: no space for [io  size 0x1000]
[    0.742525] pci 0000:00:18.5: BAR 13: failed to assign [io  size 0x1000]
[    0.742527] pci 0000:00:18.4: BAR 13: no space for [io  size 0x1000]
[    0.742527] pci 0000:00:18.4: BAR 13: failed to assign [io  size 0x1000]
[    0.742529] pci 0000:00:18.3: BAR 13: no space for [io  size 0x1000]
[    0.742530] pci 0000:00:18.3: BAR 13: failed to assign [io  size 0x1000]
[    0.742531] pci 0000:00:18.2: BAR 13: no space for [io  size 0x1000]
[    0.742532] pci 0000:00:18.2: BAR 13: failed to assign [io  size 0x1000]
[    0.742534] pci 0000:00:17.7: BAR 13: no space for [io  size 0x1000]
[    0.742535] pci 0000:00:17.7: BAR 13: failed to assign [io  size 0x1000]
[    0.742536] pci 0000:00:17.6: BAR 13: no space for [io  size 0x1000]
[    0.742537] pci 0000:00:17.6: BAR 13: failed to assign [io  size 0x1000]
[    0.742539] pci 0000:00:17.5: BAR 13: no space for [io  size 0x1000]
[    0.742540] pci 0000:00:17.5: BAR 13: failed to assign [io  size 0x1000]
[    0.742541] pci 0000:00:17.4: BAR 13: no space for [io  size 0x1000]
[    0.742542] pci 0000:00:17.4: BAR 13: failed to assign [io  size 0x1000]
[    0.742543] pci 0000:00:17.3: BAR 13: no space for [io  size 0x1000]
[    0.742544] pci 0000:00:17.3: BAR 13: failed to assign [io  size 0x1000]
[    0.742546] pci 0000:00:16.7: BAR 13: no space for [io  size 0x1000]
[    0.742547] pci 0000:00:16.7: BAR 13: failed to assign [io  size 0x1000]
[    0.742548] pci 0000:00:16.6: BAR 13: no space for [io  size 0x1000]
[    0.742549] pci 0000:00:16.6: BAR 13: failed to assign [io  size 0x1000]
[    0.742551] pci 0000:00:16.5: BAR 13: no space for [io  size 0x1000]
[    0.742552] pci 0000:00:16.5: BAR 13: failed to assign [io  size 0x1000]
[    0.742553] pci 0000:00:16.4: BAR 13: no space for [io  size 0x1000]
[    0.742554] pci 0000:00:16.4: BAR 13: failed to assign [io  size 0x1000]
[    0.742556] pci 0000:00:16.3: BAR 13: no space for [io  size 0x1000]
[    0.742556] pci 0000:00:16.3: BAR 13: failed to assign [io  size 0x1000]
[    0.742558] pci 0000:00:15.7: BAR 13: no space for [io  size 0x1000]
[    0.742559] pci 0000:00:15.7: BAR 13: failed to assign [io  size 0x1000]
[    0.742560] pci 0000:00:15.6: BAR 13: no space for [io  size 0x1000]
[    0.742561] pci 0000:00:15.6: BAR 13: failed to assign [io  size 0x1000]
[    0.742563] pci 0000:00:15.5: BAR 13: no space for [io  size 0x1000]
[    0.742564] pci 0000:00:15.5: BAR 13: failed to assign [io  size 0x1000]
[    0.742565] pci 0000:00:15.4: BAR 13: no space for [io  size 0x1000]
[    0.742566] pci 0000:00:15.4: BAR 13: failed to assign [io  size 0x1000]
[    0.742568] pci 0000:00:15.3: BAR 13: no space for [io  size 0x1000]
[    0.742568] pci 0000:00:15.3: BAR 13: failed to assign [io  size 0x1000]
[    0.742570] pci 0000:00:01.0: PCI bridge to [bus 01]
[    0.742684] pci 0000:02:01.0: BAR 6: assigned [mem 0xfd500000-0xfd50ffff pref]
[    0.742686] pci 0000:02:05.0: BAR 6: assigned [mem 0xfd510000-0xfd51ffff pref]
[    0.742688] pci 0000:00:11.0: PCI bridge to [bus 02]
[    0.742701] pci 0000:00:11.0:   bridge window [io  0x2000-0x3fff]
[    0.742735] pci 0000:00:11.0:   bridge window [mem 0xfd500000-0xfdffffff]
[    0.742757] pci 0000:00:11.0:   bridge window [mem 0xe7b00000-0xe7ffffff 64bit pref]
[    0.742801] pci 0000:00:15.0: PCI bridge to [bus 03]
[    0.742813] pci 0000:00:15.0:   bridge window [io  0x4000-0x4fff]
[    0.742858] pci 0000:00:15.0:   bridge window [mem 0xfd400000-0xfd4fffff]
[    0.742884] pci 0000:00:15.0:   bridge window [mem 0xe7a00000-0xe7afffff 64bit pref]
[    0.742964] pci 0000:00:15.1: PCI bridge to [bus 04]
[    0.742979] pci 0000:00:15.1:   bridge window [io  0x8000-0x8fff]
[    0.743012] pci 0000:00:15.1:   bridge window [mem 0xfd000000-0xfd0fffff]
[    0.743035] pci 0000:00:15.1:   bridge window [mem 0xe7600000-0xe76fffff 64bit pref]
[    0.743097] pci 0000:00:15.2: PCI bridge to [bus 05]
[    0.743110] pci 0000:00:15.2:   bridge window [io  0xc000-0xcfff]
[    0.743143] pci 0000:00:15.2:   bridge window [mem 0xfcc00000-0xfccfffff]
[    0.743164] pci 0000:00:15.2:   bridge window [mem 0xe7200000-0xe72fffff 64bit pref]
[    0.743220] pci 0000:00:15.3: PCI bridge to [bus 06]
[    0.743254] pci 0000:00:15.3:   bridge window [mem 0xfc800000-0xfc8fffff]
[    0.743280] pci 0000:00:15.3:   bridge window [mem 0xe6e00000-0xe6efffff 64bit pref]
[    0.743341] pci 0000:00:15.4: PCI bridge to [bus 07]
[    0.743376] pci 0000:00:15.4:   bridge window [mem 0xfc400000-0xfc4fffff]
[    0.743399] pci 0000:00:15.4:   bridge window [mem 0xe6a00000-0xe6afffff 64bit pref]
[    0.743459] pci 0000:00:15.5: PCI bridge to [bus 08]
[    0.743492] pci 0000:00:15.5:   bridge window [mem 0xfc000000-0xfc0fffff]
[    0.743514] pci 0000:00:15.5:   bridge window [mem 0xe6600000-0xe66fffff 64bit pref]
[    0.743569] pci 0000:00:15.6: PCI bridge to [bus 09]
[    0.743602] pci 0000:00:15.6:   bridge window [mem 0xfbc00000-0xfbcfffff]
[    0.743623] pci 0000:00:15.6:   bridge window [mem 0xe6200000-0xe62fffff 64bit pref]
[    0.743678] pci 0000:00:15.7: PCI bridge to [bus 0a]
[    0.743710] pci 0000:00:15.7:   bridge window [mem 0xfb800000-0xfb8fffff]
[    0.743819] pci 0000:00:15.7:   bridge window [mem 0xe5e00000-0xe5efffff 64bit pref]
[    0.743887] pci 0000:00:16.0: PCI bridge to [bus 0b]
[    0.743900] pci 0000:00:16.0:   bridge window [io  0x5000-0x5fff]
[    0.743933] pci 0000:00:16.0:   bridge window [mem 0xfd300000-0xfd3fffff]
[    0.743955] pci 0000:00:16.0:   bridge window [mem 0xe7900000-0xe79fffff 64bit pref]
[    0.744010] pci 0000:00:16.1: PCI bridge to [bus 0c]
[    0.744022] pci 0000:00:16.1:   bridge window [io  0x9000-0x9fff]
[    0.744055] pci 0000:00:16.1:   bridge window [mem 0xfcf00000-0xfcffffff]
[    0.744077] pci 0000:00:16.1:   bridge window [mem 0xe7500000-0xe75fffff 64bit pref]
[    0.744157] pci 0000:00:16.2: PCI bridge to [bus 0d]
[    0.744170] pci 0000:00:16.2:   bridge window [io  0xd000-0xdfff]
[    0.744203] pci 0000:00:16.2:   bridge window [mem 0xfcb00000-0xfcbfffff]
[    0.744225] pci 0000:00:16.2:   bridge window [mem 0xe7100000-0xe71fffff 64bit pref]
[    0.744281] pci 0000:00:16.3: PCI bridge to [bus 0e]
[    0.744313] pci 0000:00:16.3:   bridge window [mem 0xfc700000-0xfc7fffff]
[    0.744335] pci 0000:00:16.3:   bridge window [mem 0xe6d00000-0xe6dfffff 64bit pref]
[    0.744390] pci 0000:00:16.4: PCI bridge to [bus 0f]
[    0.744423] pci 0000:00:16.4:   bridge window [mem 0xfc300000-0xfc3fffff]
[    0.744450] pci 0000:00:16.4:   bridge window [mem 0xe6900000-0xe69fffff 64bit pref]
[    0.744510] pci 0000:00:16.5: PCI bridge to [bus 10]
[    0.744544] pci 0000:00:16.5:   bridge window [mem 0xfbf00000-0xfbffffff]
[    0.744567] pci 0000:00:16.5:   bridge window [mem 0xe6500000-0xe65fffff 64bit pref]
[    0.744625] pci 0000:00:16.6: PCI bridge to [bus 11]
[    0.744659] pci 0000:00:16.6:   bridge window [mem 0xfbb00000-0xfbbfffff]
[    0.744680] pci 0000:00:16.6:   bridge window [mem 0xe6100000-0xe61fffff 64bit pref]
[    0.744783] pci 0000:00:16.7: PCI bridge to [bus 12]
[    0.744817] pci 0000:00:16.7:   bridge window [mem 0xfb700000-0xfb7fffff]
[    0.744839] pci 0000:00:16.7:   bridge window [mem 0xe5d00000-0xe5dfffff 64bit pref]
[    0.744906] pci 0000:00:17.0: PCI bridge to [bus 13]
[    0.744920] pci 0000:00:17.0:   bridge window [io  0x6000-0x6fff]
[    0.744957] pci 0000:00:17.0:   bridge window [mem 0xfd200000-0xfd2fffff]
[    0.744982] pci 0000:00:17.0:   bridge window [mem 0xe7800000-0xe78fffff 64bit pref]
[    0.745039] pci 0000:00:17.1: PCI bridge to [bus 14]
[    0.745054] pci 0000:00:17.1:   bridge window [io  0xa000-0xafff]
[    0.745090] pci 0000:00:17.1:   bridge window [mem 0xfce00000-0xfcefffff]
[    0.745112] pci 0000:00:17.1:   bridge window [mem 0xe7400000-0xe74fffff 64bit pref]
[    0.745167] pci 0000:00:17.2: PCI bridge to [bus 15]
[    0.745179] pci 0000:00:17.2:   bridge window [io  0xe000-0xefff]
[    0.745212] pci 0000:00:17.2:   bridge window [mem 0xfca00000-0xfcafffff]
[    0.745234] pci 0000:00:17.2:   bridge window [mem 0xe7000000-0xe70fffff 64bit pref]
[    0.745288] pci 0000:00:17.3: PCI bridge to [bus 16]
[    0.745321] pci 0000:00:17.3:   bridge window [mem 0xfc600000-0xfc6fffff]
[    0.745343] pci 0000:00:17.3:   bridge window [mem 0xe6c00000-0xe6cfffff 64bit pref]
[    0.745398] pci 0000:00:17.4: PCI bridge to [bus 17]
[    0.745434] pci 0000:00:17.4:   bridge window [mem 0xfc200000-0xfc2fffff]
[    0.745459] pci 0000:00:17.4:   bridge window [mem 0xe6800000-0xe68fffff 64bit pref]
[    0.745515] pci 0000:00:17.5: PCI bridge to [bus 18]
[    0.745552] pci 0000:00:17.5:   bridge window [mem 0xfbe00000-0xfbefffff]
[    0.745574] pci 0000:00:17.5:   bridge window [mem 0xe6400000-0xe64fffff 64bit pref]
[    0.745629] pci 0000:00:17.6: PCI bridge to [bus 19]
[    0.745662] pci 0000:00:17.6:   bridge window [mem 0xfba00000-0xfbafffff]
[    0.745684] pci 0000:00:17.6:   bridge window [mem 0xe6000000-0xe60fffff 64bit pref]
[    0.745738] pci 0000:00:17.7: PCI bridge to [bus 1a]
[    0.745771] pci 0000:00:17.7:   bridge window [mem 0xfb600000-0xfb6fffff]
[    0.745793] pci 0000:00:17.7:   bridge window [mem 0xe5c00000-0xe5cfffff 64bit pref]
[    0.745856] pci 0000:00:18.0: PCI bridge to [bus 1b]
[    0.745868] pci 0000:00:18.0:   bridge window [io  0x7000-0x7fff]
[    0.745905] pci 0000:00:18.0:   bridge window [mem 0xfd100000-0xfd1fffff]
[    0.745927] pci 0000:00:18.0:   bridge window [mem 0xe7700000-0xe77fffff 64bit pref]
[    0.745986] pci 0000:00:18.1: PCI bridge to [bus 1c]
[    0.745999] pci 0000:00:18.1:   bridge window [io  0xb000-0xbfff]
[    0.746036] pci 0000:00:18.1:   bridge window [mem 0xfcd00000-0xfcdfffff]
[    0.746058] pci 0000:00:18.1:   bridge window [mem 0xe7300000-0xe73fffff 64bit pref]
[    0.746113] pci 0000:00:18.2: PCI bridge to [bus 1d]
[    0.746146] pci 0000:00:18.2:   bridge window [mem 0xfc900000-0xfc9fffff]
[    0.746168] pci 0000:00:18.2:   bridge window [mem 0xe6f00000-0xe6ffffff 64bit pref]
[    0.746222] pci 0000:00:18.3: PCI bridge to [bus 1e]
[    0.746255] pci 0000:00:18.3:   bridge window [mem 0xfc500000-0xfc5fffff]
[    0.746277] pci 0000:00:18.3:   bridge window [mem 0xe6b00000-0xe6bfffff 64bit pref]
[    0.746331] pci 0000:00:18.4: PCI bridge to [bus 1f]
[    0.746364] pci 0000:00:18.4:   bridge window [mem 0xfc100000-0xfc1fffff]
[    0.746390] pci 0000:00:18.4:   bridge window [mem 0xe6700000-0xe67fffff 64bit pref]
[    0.746452] pci 0000:00:18.5: PCI bridge to [bus 20]
[    0.746487] pci 0000:00:18.5:   bridge window [mem 0xfbd00000-0xfbdfffff]
[    0.746511] pci 0000:00:18.5:   bridge window [mem 0xe6300000-0xe63fffff 64bit pref]
[    0.746567] pci 0000:00:18.6: PCI bridge to [bus 21]
[    0.746604] pci 0000:00:18.6:   bridge window [mem 0xfb900000-0xfb9fffff]
[    0.746626] pci 0000:00:18.6:   bridge window [mem 0xe5f00000-0xe5ffffff 64bit pref]
[    0.746681] pci 0000:00:18.7: PCI bridge to [bus 22]
[    0.746714] pci 0000:00:18.7:   bridge window [mem 0xfb500000-0xfb5fffff]
[    0.746736] pci 0000:00:18.7:   bridge window [mem 0xe5b00000-0xe5bfffff 64bit pref]
[    0.746791] pci_bus 0000:00: resource 4 [io  0x0000-0x0cf7 window]
[    0.746793] pci_bus 0000:00: resource 5 [io  0x0d00-0xfeff window]
[    0.746794] pci_bus 0000:00: resource 6 [mem 0x000a0000-0x000bffff window]
[    0.746795] pci_bus 0000:00: resource 7 [mem 0x000d0000-0x000dbfff window]
[    0.746796] pci_bus 0000:00: resource 8 [mem 0xc0000000-0xfebfffff window]
[    0.746798] pci_bus 0000:02: resource 0 [io  0x2000-0x3fff]
[    0.746799] pci_bus 0000:02: resource 1 [mem 0xfd500000-0xfdffffff]
[    0.746800] pci_bus 0000:02: resource 2 [mem 0xe7b00000-0xe7ffffff 64bit pref]
[    0.746801] pci_bus 0000:02: resource 4 [io  0x0000-0x0cf7 window]
[    0.746802] pci_bus 0000:02: resource 5 [io  0x0d00-0xfeff window]
[    0.746803] pci_bus 0000:02: resource 6 [mem 0x000a0000-0x000bffff window]
[    0.746804] pci_bus 0000:02: resource 7 [mem 0x000d0000-0x000dbfff window]
[    0.746804] pci_bus 0000:02: resource 8 [mem 0xc0000000-0xfebfffff window]
[    0.746806] pci_bus 0000:03: resource 0 [io  0x4000-0x4fff]
[    0.746807] pci_bus 0000:03: resource 1 [mem 0xfd400000-0xfd4fffff]
[    0.746808] pci_bus 0000:03: resource 2 [mem 0xe7a00000-0xe7afffff 64bit pref]
[    0.746809] pci_bus 0000:04: resource 0 [io  0x8000-0x8fff]
[    0.746810] pci_bus 0000:04: resource 1 [mem 0xfd000000-0xfd0fffff]
[    0.746811] pci_bus 0000:04: resource 2 [mem 0xe7600000-0xe76fffff 64bit pref]
[    0.746812] pci_bus 0000:05: resource 0 [io  0xc000-0xcfff]
[    0.746813] pci_bus 0000:05: resource 1 [mem 0xfcc00000-0xfccfffff]
[    0.746814] pci_bus 0000:05: resource 2 [mem 0xe7200000-0xe72fffff 64bit pref]
[    0.746815] pci_bus 0000:06: resource 1 [mem 0xfc800000-0xfc8fffff]
[    0.746816] pci_bus 0000:06: resource 2 [mem 0xe6e00000-0xe6efffff 64bit pref]
[    0.746817] pci_bus 0000:07: resource 1 [mem 0xfc400000-0xfc4fffff]
[    0.746818] pci_bus 0000:07: resource 2 [mem 0xe6a00000-0xe6afffff 64bit pref]
[    0.746819] pci_bus 0000:08: resource 1 [mem 0xfc000000-0xfc0fffff]
[    0.746820] pci_bus 0000:08: resource 2 [mem 0xe6600000-0xe66fffff 64bit pref]
[    0.747007] pci_bus 0000:09: resource 1 [mem 0xfbc00000-0xfbcfffff]
[    0.747008] pci_bus 0000:09: resource 2 [mem 0xe6200000-0xe62fffff 64bit pref]
[    0.747009] pci_bus 0000:0a: resource 1 [mem 0xfb800000-0xfb8fffff]
[    0.747010] pci_bus 0000:0a: resource 2 [mem 0xe5e00000-0xe5efffff 64bit pref]
[    0.747011] pci_bus 0000:0b: resource 0 [io  0x5000-0x5fff]
[    0.747012] pci_bus 0000:0b: resource 1 [mem 0xfd300000-0xfd3fffff]
[    0.747013] pci_bus 0000:0b: resource 2 [mem 0xe7900000-0xe79fffff 64bit pref]
[    0.747014] pci_bus 0000:0c: resource 0 [io  0x9000-0x9fff]
[    0.747015] pci_bus 0000:0c: resource 1 [mem 0xfcf00000-0xfcffffff]
[    0.747016] pci_bus 0000:0c: resource 2 [mem 0xe7500000-0xe75fffff 64bit pref]
[    0.747017] pci_bus 0000:0d: resource 0 [io  0xd000-0xdfff]
[    0.747018] pci_bus 0000:0d: resource 1 [mem 0xfcb00000-0xfcbfffff]
[    0.747019] pci_bus 0000:0d: resource 2 [mem 0xe7100000-0xe71fffff 64bit pref]
[    0.747020] pci_bus 0000:0e: resource 1 [mem 0xfc700000-0xfc7fffff]
[    0.747021] pci_bus 0000:0e: resource 2 [mem 0xe6d00000-0xe6dfffff 64bit pref]
[    0.747022] pci_bus 0000:0f: resource 1 [mem 0xfc300000-0xfc3fffff]
[    0.747023] pci_bus 0000:0f: resource 2 [mem 0xe6900000-0xe69fffff 64bit pref]
[    0.747024] pci_bus 0000:10: resource 1 [mem 0xfbf00000-0xfbffffff]
[    0.747025] pci_bus 0000:10: resource 2 [mem 0xe6500000-0xe65fffff 64bit pref]
[    0.747026] pci_bus 0000:11: resource 1 [mem 0xfbb00000-0xfbbfffff]
[    0.747027] pci_bus 0000:11: resource 2 [mem 0xe6100000-0xe61fffff 64bit pref]
[    0.747028] pci_bus 0000:12: resource 1 [mem 0xfb700000-0xfb7fffff]
[    0.747029] pci_bus 0000:12: resource 2 [mem 0xe5d00000-0xe5dfffff 64bit pref]
[    0.747030] pci_bus 0000:13: resource 0 [io  0x6000-0x6fff]
[    0.747031] pci_bus 0000:13: resource 1 [mem 0xfd200000-0xfd2fffff]
[    0.747032] pci_bus 0000:13: resource 2 [mem 0xe7800000-0xe78fffff 64bit pref]
[    0.747033] pci_bus 0000:14: resource 0 [io  0xa000-0xafff]
[    0.747034] pci_bus 0000:14: resource 1 [mem 0xfce00000-0xfcefffff]
[    0.747035] pci_bus 0000:14: resource 2 [mem 0xe7400000-0xe74fffff 64bit pref]
[    0.747036] pci_bus 0000:15: resource 0 [io  0xe000-0xefff]
[    0.747037] pci_bus 0000:15: resource 1 [mem 0xfca00000-0xfcafffff]
[    0.747037] pci_bus 0000:15: resource 2 [mem 0xe7000000-0xe70fffff 64bit pref]
[    0.747039] pci_bus 0000:16: resource 1 [mem 0xfc600000-0xfc6fffff]
[    0.747039] pci_bus 0000:16: resource 2 [mem 0xe6c00000-0xe6cfffff 64bit pref]
[    0.747041] pci_bus 0000:17: resource 1 [mem 0xfc200000-0xfc2fffff]
[    0.747041] pci_bus 0000:17: resource 2 [mem 0xe6800000-0xe68fffff 64bit pref]
[    0.747043] pci_bus 0000:18: resource 1 [mem 0xfbe00000-0xfbefffff]
[    0.747043] pci_bus 0000:18: resource 2 [mem 0xe6400000-0xe64fffff 64bit pref]
[    0.747044] pci_bus 0000:19: resource 1 [mem 0xfba00000-0xfbafffff]
[    0.747045] pci_bus 0000:19: resource 2 [mem 0xe6000000-0xe60fffff 64bit pref]
[    0.747046] pci_bus 0000:1a: resource 1 [mem 0xfb600000-0xfb6fffff]
[    0.747047] pci_bus 0000:1a: resource 2 [mem 0xe5c00000-0xe5cfffff 64bit pref]
[    0.747048] pci_bus 0000:1b: resource 0 [io  0x7000-0x7fff]
[    0.747049] pci_bus 0000:1b: resource 1 [mem 0xfd100000-0xfd1fffff]
[    0.747050] pci_bus 0000:1b: resource 2 [mem 0xe7700000-0xe77fffff 64bit pref]
[    0.747051] pci_bus 0000:1c: resource 0 [io  0xb000-0xbfff]
[    0.747052] pci_bus 0000:1c: resource 1 [mem 0xfcd00000-0xfcdfffff]
[    0.747053] pci_bus 0000:1c: resource 2 [mem 0xe7300000-0xe73fffff 64bit pref]
[    0.747054] pci_bus 0000:1d: resource 1 [mem 0xfc900000-0xfc9fffff]
[    0.747055] pci_bus 0000:1d: resource 2 [mem 0xe6f00000-0xe6ffffff 64bit pref]
[    0.747056] pci_bus 0000:1e: resource 1 [mem 0xfc500000-0xfc5fffff]
[    0.747057] pci_bus 0000:1e: resource 2 [mem 0xe6b00000-0xe6bfffff 64bit pref]
[    0.747058] pci_bus 0000:1f: resource 1 [mem 0xfc100000-0xfc1fffff]
[    0.747059] pci_bus 0000:1f: resource 2 [mem 0xe6700000-0xe67fffff 64bit pref]
[    0.747060] pci_bus 0000:20: resource 1 [mem 0xfbd00000-0xfbdfffff]
[    0.747061] pci_bus 0000:20: resource 2 [mem 0xe6300000-0xe63fffff 64bit pref]
[    0.747062] pci_bus 0000:21: resource 1 [mem 0xfb900000-0xfb9fffff]
[    0.747063] pci_bus 0000:21: resource 2 [mem 0xe5f00000-0xe5ffffff 64bit pref]
[    0.747064] pci_bus 0000:22: resource 1 [mem 0xfb500000-0xfb5fffff]
[    0.747065] pci_bus 0000:22: resource 2 [mem 0xe5b00000-0xe5bfffff 64bit pref]
[    0.747280] pci 0000:00:00.0: Limiting direct PCI/PCI transfers
[    0.747390] pci 0000:00:0f.0: Video device with shadowed ROM at [mem 0x000c0000-0x000dffff]
[    0.750150] pci 0000:02:01.0: CLS mismatch (32 != 64), using 64 bytes
[    0.751041] Trying to unpack rootfs image as initramfs...
[    0.764737] clocksource: tsc: mask: 0xffffffffffffffff max_cycles: 0x271783928df, max_idle_ns: 440795282907 ns
[    0.764782] clocksource: Switched to clocksource tsc
[    0.770003] Initialise system trusted keyrings
[    0.770014] Key type blacklist registered
[    0.770051] workingset: timestamp_bits=36 max_order=19 bucket_order=0
[    0.770991] zbud: loaded
[    0.771299] squashfs: version 4.0 (2009/01/31) Phillip Lougher
[    0.773049] fuse: init (API version 7.34)
[    0.773722] integrity: Platform Keyring initialized
[    0.781956] Key type asymmetric registered
[    0.781959] Asymmetric key parser 'x509' registered
[    0.781972] Block layer SCSI generic (bsg) driver version 0.4 loaded (major 243)
[    0.782051] io scheduler mq-deadline registered
[    0.783647] pcieport 0000:00:15.0: PME: Signaling with IRQ 24
[    0.783744] pcieport 0000:00:15.0: pciehp: Slot #160 AttnBtn+ PwrCtrl+ MRL- AttnInd- PwrInd- HotPlug+ Surprise- Interlock- NoCompl+ IbPresDis- LLActRep+
[    0.785697] pcieport 0000:00:15.1: PME: Signaling with IRQ 25
[    0.785895] pcieport 0000:00:15.1: pciehp: Slot #161 AttnBtn+ PwrCtrl+ MRL- AttnInd- PwrInd- HotPlug+ Surprise- Interlock- NoCompl+ IbPresDis- LLActRep+
[    0.786925] pcieport 0000:00:15.2: PME: Signaling with IRQ 26
[    0.787072] pcieport 0000:00:15.2: pciehp: Slot #162 AttnBtn+ PwrCtrl+ MRL- AttnInd- PwrInd- HotPlug+ Surprise- Interlock- NoCompl+ IbPresDis- LLActRep+
[    0.788175] pcieport 0000:00:15.3: PME: Signaling with IRQ 27
[    0.788283] pcieport 0000:00:15.3: pciehp: Slot #163 AttnBtn+ PwrCtrl+ MRL- AttnInd- PwrInd- HotPlug+ Surprise- Interlock- NoCompl+ IbPresDis- LLActRep+
[    0.789538] pcieport 0000:00:15.4: PME: Signaling with IRQ 28
[    0.789671] pcieport 0000:00:15.4: pciehp: Slot #164 AttnBtn+ PwrCtrl+ MRL- AttnInd- PwrInd- HotPlug+ Surprise- Interlock- NoCompl+ IbPresDis- LLActRep+
[    0.790869] pcieport 0000:00:15.5: PME: Signaling with IRQ 29
[    0.790967] pcieport 0000:00:15.5: pciehp: Slot #165 AttnBtn+ PwrCtrl+ MRL- AttnInd- PwrInd- HotPlug+ Surprise- Interlock- NoCompl+ IbPresDis- LLActRep+
[    0.792391] pcieport 0000:00:15.6: PME: Signaling with IRQ 30
[    0.792514] pcieport 0000:00:15.6: pciehp: Slot #166 AttnBtn+ PwrCtrl+ MRL- AttnInd- PwrInd- HotPlug+ Surprise- Interlock- NoCompl+ IbPresDis- LLActRep+
[    0.793947] pcieport 0000:00:15.7: PME: Signaling with IRQ 31
[    0.794042] pcieport 0000:00:15.7: pciehp: Slot #167 AttnBtn+ PwrCtrl+ MRL- AttnInd- PwrInd- HotPlug+ Surprise- Interlock- NoCompl+ IbPresDis- LLActRep+
[    0.795273] pcieport 0000:00:16.0: PME: Signaling with IRQ 32
[    0.795391] pcieport 0000:00:16.0: pciehp: Slot #192 AttnBtn+ PwrCtrl+ MRL- AttnInd- PwrInd- HotPlug+ Surprise- Interlock- NoCompl+ IbPresDis- LLActRep+
[    0.796597] pcieport 0000:00:16.1: PME: Signaling with IRQ 33
[    0.796702] pcieport 0000:00:16.1: pciehp: Slot #193 AttnBtn+ PwrCtrl+ MRL- AttnInd- PwrInd- HotPlug+ Surprise- Interlock- NoCompl+ IbPresDis- LLActRep+
[    0.797912] pcieport 0000:00:16.2: PME: Signaling with IRQ 34
[    0.798095] pcieport 0000:00:16.2: pciehp: Slot #194 AttnBtn+ PwrCtrl+ MRL- AttnInd- PwrInd- HotPlug+ Surprise- Interlock- NoCompl+ IbPresDis- LLActRep+
[    0.799421] pcieport 0000:00:16.3: PME: Signaling with IRQ 35
[    0.799529] pcieport 0000:00:16.3: pciehp: Slot #195 AttnBtn+ PwrCtrl+ MRL- AttnInd- PwrInd- HotPlug+ Surprise- Interlock- NoCompl+ IbPresDis- LLActRep+
[    0.800895] pcieport 0000:00:16.4: PME: Signaling with IRQ 36
[    0.801023] pcieport 0000:00:16.4: pciehp: Slot #196 AttnBtn+ PwrCtrl+ MRL- AttnInd- PwrInd- HotPlug+ Surprise- Interlock- NoCompl+ IbPresDis- LLActRep+
[    0.802233] pcieport 0000:00:16.5: PME: Signaling with IRQ 37
[    0.802330] pcieport 0000:00:16.5: pciehp: Slot #197 AttnBtn+ PwrCtrl+ MRL- AttnInd- PwrInd- HotPlug+ Surprise- Interlock- NoCompl+ IbPresDis- LLActRep+
[    0.803621] pcieport 0000:00:16.6: PME: Signaling with IRQ 38
[    0.803750] pcieport 0000:00:16.6: pciehp: Slot #198 AttnBtn+ PwrCtrl+ MRL- AttnInd- PwrInd- HotPlug+ Surprise- Interlock- NoCompl+ IbPresDis- LLActRep+
[    0.804949] pcieport 0000:00:16.7: PME: Signaling with IRQ 39
[    0.805045] pcieport 0000:00:16.7: pciehp: Slot #199 AttnBtn+ PwrCtrl+ MRL- AttnInd- PwrInd- HotPlug+ Surprise- Interlock- NoCompl+ IbPresDis- LLActRep+
[    0.806243] pcieport 0000:00:17.0: PME: Signaling with IRQ 40
[    0.806357] pcieport 0000:00:17.0: pciehp: Slot #224 AttnBtn+ PwrCtrl+ MRL- AttnInd- PwrInd- HotPlug+ Surprise- Interlock- NoCompl+ IbPresDis- LLActRep+
[    0.807527] pcieport 0000:00:17.1: PME: Signaling with IRQ 41
[    0.807848] pcieport 0000:00:17.1: pciehp: Slot #225 AttnBtn+ PwrCtrl+ MRL- AttnInd- PwrInd- HotPlug+ Surprise- Interlock- NoCompl+ IbPresDis- LLActRep+
[    0.808999] pcieport 0000:00:17.2: PME: Signaling with IRQ 42
[    0.809241] pcieport 0000:00:17.2: pciehp: Slot #226 AttnBtn+ PwrCtrl+ MRL- AttnInd- PwrInd- HotPlug+ Surprise- Interlock- NoCompl+ IbPresDis- LLActRep+
[    0.810613] pcieport 0000:00:17.3: PME: Signaling with IRQ 43
[    0.810712] pcieport 0000:00:17.3: pciehp: Slot #227 AttnBtn+ PwrCtrl+ MRL- AttnInd- PwrInd- HotPlug+ Surprise- Interlock- NoCompl+ IbPresDis- LLActRep+
[    0.811861] pcieport 0000:00:17.4: PME: Signaling with IRQ 44
[    0.811977] pcieport 0000:00:17.4: pciehp: Slot #228 AttnBtn+ PwrCtrl+ MRL- AttnInd- PwrInd- HotPlug+ Surprise- Interlock- NoCompl+ IbPresDis- LLActRep+
[    0.813538] pcieport 0000:00:17.5: PME: Signaling with IRQ 45
[    0.813635] pcieport 0000:00:17.5: pciehp: Slot #229 AttnBtn+ PwrCtrl+ MRL- AttnInd- PwrInd- HotPlug+ Surprise- Interlock- NoCompl+ IbPresDis- LLActRep+
[    0.814904] pcieport 0000:00:17.6: PME: Signaling with IRQ 46
[    0.815020] pcieport 0000:00:17.6: pciehp: Slot #230 AttnBtn+ PwrCtrl+ MRL- AttnInd- PwrInd- HotPlug+ Surprise- Interlock- NoCompl+ IbPresDis- LLActRep+
[    0.816281] pcieport 0000:00:17.7: PME: Signaling with IRQ 47
[    0.816376] pcieport 0000:00:17.7: pciehp: Slot #231 AttnBtn+ PwrCtrl+ MRL- AttnInd- PwrInd- HotPlug+ Surprise- Interlock- NoCompl+ IbPresDis- LLActRep+
[    0.817512] pcieport 0000:00:18.0: PME: Signaling with IRQ 48
[    0.817627] pcieport 0000:00:18.0: pciehp: Slot #256 AttnBtn+ PwrCtrl+ MRL- AttnInd- PwrInd- HotPlug+ Surprise- Interlock- NoCompl+ IbPresDis- LLActRep+
[    0.818850] pcieport 0000:00:18.1: PME: Signaling with IRQ 49
[    0.818944] pcieport 0000:00:18.1: pciehp: Slot #257 AttnBtn+ PwrCtrl+ MRL- AttnInd- PwrInd- HotPlug+ Surprise- Interlock- NoCompl+ IbPresDis- LLActRep+
[    0.820478] pcieport 0000:00:18.2: PME: Signaling with IRQ 50
[    0.820642] pcieport 0000:00:18.2: pciehp: Slot #258 AttnBtn+ PwrCtrl+ MRL- AttnInd- PwrInd- HotPlug+ Surprise- Interlock- NoCompl+ IbPresDis- LLActRep+
[    0.821854] pcieport 0000:00:18.3: PME: Signaling with IRQ 51
[    0.821947] pcieport 0000:00:18.3: pciehp: Slot #259 AttnBtn+ PwrCtrl+ MRL- AttnInd- PwrInd- HotPlug+ Surprise- Interlock- NoCompl+ IbPresDis- LLActRep+
[    0.823354] pcieport 0000:00:18.4: PME: Signaling with IRQ 52
[    0.823473] pcieport 0000:00:18.4: pciehp: Slot #260 AttnBtn+ PwrCtrl+ MRL- AttnInd- PwrInd- HotPlug+ Surprise- Interlock- NoCompl+ IbPresDis- LLActRep+
[    0.824698] pcieport 0000:00:18.5: PME: Signaling with IRQ 53
[    0.824817] pcieport 0000:00:18.5: pciehp: Slot #261 AttnBtn+ PwrCtrl+ MRL- AttnInd- PwrInd- HotPlug+ Surprise- Interlock- NoCompl+ IbPresDis- LLActRep+
[    0.826025] pcieport 0000:00:18.6: PME: Signaling with IRQ 54
[    0.826212] pcieport 0000:00:18.6: pciehp: Slot #262 AttnBtn+ PwrCtrl+ MRL- AttnInd- PwrInd- HotPlug+ Surprise- Interlock- NoCompl+ IbPresDis- LLActRep+
[    0.827556] pcieport 0000:00:18.7: PME: Signaling with IRQ 55
[    0.827653] pcieport 0000:00:18.7: pciehp: Slot #263 AttnBtn+ PwrCtrl+ MRL- AttnInd- PwrInd- HotPlug+ Surprise- Interlock- NoCompl+ IbPresDis- LLActRep+
[    0.828569] shpchp: Standard Hot Plug PCI Controller Driver version: 0.4
[    0.829021] ACPI: AC: AC Adapter [ACAD] (on-line)
[    0.829154] input: Power Button as /devices/LNXSYSTM:00/LNXPWRBN:00/input/input0
[    0.829244] ACPI: button: Power Button [PWRF]
[    0.833292] Serial: 8250/16550 driver, 32 ports, IRQ sharing enabled
[    0.857947] 00:05: ttyS0 at I/O 0x3f8 (irq = 4, base_baud = 115200) is a 16550A
[    0.888908] Linux agpgart interface v0.103
[    0.889268] agpgart-intel 0000:00:00.0: Intel 440BX Chipset
[    0.891633] agpgart-intel 0000:00:00.0: AGP aperture is 256M @ 0x0
[    1.080539] loop: module loaded
[    1.081501] ata_piix 0000:00:07.1: version 2.13
[    1.083233] scsi host0: ata_piix
[    1.083953] scsi host1: ata_piix
[    1.084110] ata1: PATA max UDMA/33 cmd 0x1f0 ctl 0x3f6 bmdma 0x1060 irq 14
[    1.084113] ata2: PATA max UDMA/33 cmd 0x170 ctl 0x376 bmdma 0x1068 irq 15
[    1.084598] libphy: Fixed MDIO Bus: probed
[    1.084600] tun: Universal TUN/TAP device driver, 1.6
[    1.084956] PPP generic driver version 2.4.2
[    1.085261] VFIO - User Level meta-driver version: 0.3
[    1.085467] ehci_hcd: USB 2.0 'Enhanced' Host Controller (EHCI) Driver
[    1.085473] ehci-pci: EHCI PCI platform driver
[    1.086116] ehci-pci 0000:02:03.0: EHCI Host Controller
[    1.086147] ehci-pci 0000:02:03.0: new USB bus registered, assigned bus number 1
[    1.086506] ehci-pci 0000:02:03.0: irq 17, io mem 0xfd5ef000
[    1.100545] ehci-pci 0000:02:03.0: USB 2.0 started, EHCI 1.00
[    1.100790] usb usb1: New USB device found, idVendor=1d6b, idProduct=0002, bcdDevice= 5.13
[    1.100793] usb usb1: New USB device strings: Mfr=3, Product=2, SerialNumber=1
[    1.100795] usb usb1: Product: EHCI Host Controller
[    1.100796] usb usb1: Manufacturer: Linux 5.13.0-20-generic ehci_hcd
[    1.100797] usb usb1: SerialNumber: 0000:02:03.0
[    1.101051] hub 1-0:1.0: USB hub found
[    1.101059] hub 1-0:1.0: 6 ports detected
[    1.101380] ehci-platform: EHCI generic platform driver
[    1.101392] ohci_hcd: USB 1.1 'Open' Host Controller (OHCI) Driver
[    1.101396] ohci-pci: OHCI PCI platform driver
[    1.101409] ohci-platform: OHCI generic platform driver
[    1.101413] uhci_hcd: USB Universal Host Controller Interface driver
[    1.102093] uhci_hcd 0000:02:00.0: UHCI Host Controller
[    1.102099] uhci_hcd 0000:02:00.0: new USB bus registered, assigned bus number 2
[    1.102550] uhci_hcd 0000:02:00.0: detected 2 ports
[    1.102711] uhci_hcd 0000:02:00.0: irq 18, io base 0x00002080
[    1.102877] usb usb2: New USB device found, idVendor=1d6b, idProduct=0001, bcdDevice= 5.13
[    1.102880] usb usb2: New USB device strings: Mfr=3, Product=2, SerialNumber=1
[    1.102881] usb usb2: Product: UHCI Host Controller
[    1.102882] usb usb2: Manufacturer: Linux 5.13.0-20-generic uhci_hcd
[    1.102883] usb usb2: SerialNumber: 0000:02:00.0
[    1.103264] hub 2-0:1.0: USB hub found
[    1.103269] hub 2-0:1.0: 2 ports detected
[    1.103746] i8042: PNP: PS/2 Controller [PNP0303:KBC,PNP0f13:MOUS] at 0x60,0x64 irq 1,12
[    1.104741] serio: i8042 KBD port at 0x60,0x64 irq 1
[    1.104749] serio: i8042 AUX port at 0x60,0x64 irq 12
[    1.105263] mousedev: PS/2 mouse device common for all mice
[    1.106301] rtc_cmos 00:01: registered as rtc0
[    1.106442] rtc_cmos 00:01: setting system clock to 2021-11-10T03:10:15 UTC (1636513815)
[    1.106525] rtc_cmos 00:01: alarms up to one month, y3k, 114 bytes nvram, hpet irqs
[    1.106535] i2c /dev entries driver
[    1.106671] device-mapper: uevent: version 1.0.3
[    1.106978] device-mapper: ioctl: 4.45.0-ioctl (2021-03-22) initialised: dm-devel@redhat.com
[    1.107064] platform eisa.0: Probing EISA bus 0
[    1.107067] platform eisa.0: EISA: Cannot allocate resource for mainboard
[    1.107068] platform eisa.0: Cannot allocate resource for EISA slot 1
[    1.107069] platform eisa.0: Cannot allocate resource for EISA slot 2
[    1.107070] platform eisa.0: Cannot allocate resource for EISA slot 3
[    1.107071] platform eisa.0: Cannot allocate resource for EISA slot 4
[    1.107072] platform eisa.0: Cannot allocate resource for EISA slot 5
[    1.107073] platform eisa.0: Cannot allocate resource for EISA slot 6
[    1.107074] platform eisa.0: Cannot allocate resource for EISA slot 7
[    1.107075] platform eisa.0: Cannot allocate resource for EISA slot 8
[    1.107075] platform eisa.0: EISA: Detected 0 cards
[    1.107077] intel_pstate: CPU model not supported
[    1.107180] ledtrig-cpu: registered to indicate activity on CPUs
[    1.107554] intel_pmc_core intel_pmc_core.0:  initialized
[    1.107809] input: AT Translated Set 2 keyboard as /devices/platform/i8042/serio0/input/input1
[    1.107853] drop_monitor: Initializing network drop monitor service
[    1.108541] NET: Registered protocol family 10
[    1.436441] usb 2-1: new full-speed USB device number 2 using uhci_hcd
[    1.604996] usb 2-1: New USB device found, idVendor=0e0f, idProduct=0003, bcdDevice= 1.03
[    1.605000] usb 2-1: New USB device strings: Mfr=1, Product=2, SerialNumber=0
[    1.605002] usb 2-1: Product: VMware Virtual USB Mouse
[    1.605003] usb 2-1: Manufacturer: VMware
[    1.740244] usb 2-2: new full-speed USB device number 3 using uhci_hcd
[    1.903802] usb 2-2: New USB device found, idVendor=0e0f, idProduct=0002, bcdDevice= 1.00
[    1.903808] usb 2-2: New USB device strings: Mfr=1, Product=2, SerialNumber=0
[    1.903809] usb 2-2: Product: VMware Virtual USB Hub
[    1.903811] usb 2-2: Manufacturer: VMware, Inc.
[    1.913845] hub 2-2:1.0: USB hub found
[    1.917795] hub 2-2:1.0: 7 ports detected
[    2.023736] Freeing initrd memory: 41936K
[    2.031776] Segment Routing with IPv6
[    2.031813] NET: Registered protocol family 17
[    2.032066] Key type dns_resolver registered
[    2.032593] IPI shorthand broadcast: enabled
[    2.032605] sched_clock: Marking stable (2028733769, 3787736)->(2050346846, -17825341)
[    2.034431] registered taskstats version 1
[    2.034525] Loading compiled-in X.509 certificates
[    2.035960] Loaded X.509 cert 'Build time autogenerated kernel key: 16f26d8c73bddccd08c76913af1726daac9c6b6a'
[    2.036862] Loaded X.509 cert 'Canonical Ltd. Live Patch Signing: 14df34d1a87cf37625abec039ef2bf521249b969'
[    2.038010] Loaded X.509 cert 'Canonical Ltd. Kernel Module Signing: 88f752e560a1e0737e31163a466ad7b70a850c19'
[    2.038013] blacklist: Loading compiled-in revocation X.509 certificates
[    2.038073] Loaded X.509 cert 'Canonical Ltd. Secure Boot Signing: 61482aa2830d0ab2ad5af10b7250da9033ddcef0'
[    2.054194] zswap: loaded using pool lzo/zbud
[    2.054682] Key type ._fscrypt registered
[    2.054684] Key type .fscrypt registered
[    2.054685] Key type fscrypt-provisioning registered
[    2.059064] Key type encrypted registered
[    2.059070] AppArmor: AppArmor sha1 policy hashing enabled
[    2.059076] ima: No TPM chip found, activating TPM-bypass!
[    2.059081] Loading compiled-in module X.509 certificates
[    2.059567] Loaded X.509 cert 'Build time autogenerated kernel key: 16f26d8c73bddccd08c76913af1726daac9c6b6a'
[    2.059569] ima: Allocated hash algorithm: sha1
[    2.059574] ima: No architecture policies found
[    2.059582] evm: Initialising EVM extended attributes:
[    2.059582] evm: security.selinux
[    2.059583] evm: security.SMACK64
[    2.059583] evm: security.SMACK64EXEC
[    2.059584] evm: security.SMACK64TRANSMUTE
[    2.059584] evm: security.SMACK64MMAP
[    2.059585] evm: security.apparmor
[    2.059585] evm: security.ima
[    2.059585] evm: security.capability
[    2.059586] evm: HMAC attrs: 0x1
[    2.059862] PM:   Magic number: 13:712:158
[    2.059985] acpi device:25: hash matches
[    2.060426] RAS: Correctable Errors collector initialized.
[    2.062323] Freeing unused decrypted memory: 2036K
[    2.062822] Freeing unused kernel image (initmem) memory: 2860K
[    2.081143] Write protecting the kernel read-only data: 30720k
[    2.081604] Freeing unused kernel image (text/rodata gap) memory: 2036K
[    2.081935] Freeing unused kernel image (rodata/data gap) memory: 1788K
[    2.139730] x86/mm: Checked W+X mappings: passed, no W+X pages found.
[    2.139734] x86/mm: Checking user space page tables
[    2.190095] x86/mm: Checked W+X mappings: passed, no W+X pages found.
[    2.190105] Run /init as init process
[    2.190106]   with arguments:
[    2.190108]     /init
[    2.190108]     auto
[    2.190109]     noprompt
[    2.190110]   with environment:
[    2.190110]     HOME=/
[    2.190111]     TERM=linux
[    2.190111]     BOOT_IMAGE=/boot/vmlinuz-5.13.0-20-generic
[    2.190112]     find_preseed=/preseed.cfg
[    2.190112]     priority=critical
[    2.190113]     locale=en_US
[    2.453863] piix4_smbus 0000:00:07.3: SMBus Host Controller not enabled!
[    2.456000] ahci 0000:02:05.0: version 3.0
[    2.457261] ahci 0000:02:05.0: AHCI 0001.0300 32 slots 30 ports 6 Gbps 0x3fffffff impl SATA mode
[    2.457266] ahci 0000:02:05.0: flags: 64bit ncq clo only 
[    2.460970] e1000: Intel(R) PRO/1000 Network Driver
[    2.460973] e1000: Copyright (c) 1999-2006 Intel Corporation.
[    2.464510] scsi host2: ahci
[    2.469666] hid: raw HID events driver (C) Jiri Kosina
[    2.470427] Fusion MPT base driver 3.04.20
[    2.470430] Copyright (c) 1999-2008 LSI Corporation
[    2.473007] scsi host3: ahci
[    2.480517] usbcore: registered new interface driver usbhid
[    2.480520] usbhid: USB HID core driver
[    2.481457] Fusion MPT SPI Host driver 3.04.20
[    2.483160] scsi host4: ahci
[    2.485239] mptbase: ioc0: Initiating bringup
[    2.486784] scsi host5: ahci
[    2.488559] scsi host6: ahci
[    2.489865] scsi host7: ahci
[    2.490171] scsi host8: ahci
[    2.494775] scsi host9: ahci
[    2.510151] scsi host10: ahci
[    2.516406] input: VirtualPS/2 VMware VMMouse as /devices/platform/i8042/serio1/input/input4
[    2.516754] input: VirtualPS/2 VMware VMMouse as /devices/platform/i8042/serio1/input/input3
[    2.516854] scsi host11: ahci
[    2.526134] scsi host12: ahci
[    2.539464] scsi host13: ahci
[    2.553572] scsi host14: ahci
[    2.561312] input: VMware VMware Virtual USB Mouse as /devices/pci0000:00/0000:00:11.0/0000:02:00.0/usb2/2-1/2-1:1.0/0003:0E0F:0003.0001/input/input5
[    2.561408] hid-generic 0003:0E0F:0003.0001: input,hidraw0: USB HID v1.10 Mouse [VMware VMware Virtual USB Mouse] on usb-0000:02:00.0-1/input0
[    2.565438] scsi host15: ahci
[    2.574133] scsi host16: ahci
[    2.577487] scsi host17: ahci
[    2.581496] scsi host18: ahci
[    2.585508] scsi host19: ahci
[    2.590520] scsi host20: ahci
[    2.594530] scsi host21: ahci
[    2.596546] scsi host22: ahci
[    2.600271] scsi host23: ahci
[    2.603562] scsi host24: ahci
[    2.605741] scsi host25: ahci
[    2.609652] scsi host26: ahci
[    2.611507] ioc0: LSI53C1030 B0: Capabilities={Initiator}
[    2.612771] scsi host27: ahci
[    2.614581] scsi host28: ahci
[    2.616499] scsi host29: ahci
[    2.617590] scsi host30: ahci
[    2.619622] scsi host31: ahci
[    2.619677] ata3: SATA max UDMA/133 abar m4096@0xfd5ee000 port 0xfd5ee100 irq 56
[    2.619680] ata4: SATA max UDMA/133 abar m4096@0xfd5ee000 port 0xfd5ee180 irq 56
[    2.619681] ata5: SATA max UDMA/133 abar m4096@0xfd5ee000 port 0xfd5ee200 irq 56
[    2.619682] ata6: SATA max UDMA/133 abar m4096@0xfd5ee000 port 0xfd5ee280 irq 56
[    2.619683] ata7: SATA max UDMA/133 abar m4096@0xfd5ee000 port 0xfd5ee300 irq 56
[    2.619684] ata8: SATA max UDMA/133 abar m4096@0xfd5ee000 port 0xfd5ee380 irq 56
[    2.619685] ata9: SATA max UDMA/133 abar m4096@0xfd5ee000 port 0xfd5ee400 irq 56
[    2.619686] ata10: SATA max UDMA/133 abar m4096@0xfd5ee000 port 0xfd5ee480 irq 56
[    2.619687] ata11: SATA max UDMA/133 abar m4096@0xfd5ee000 port 0xfd5ee500 irq 56
[    2.619688] ata12: SATA max UDMA/133 abar m4096@0xfd5ee000 port 0xfd5ee580 irq 56
[    2.619689] ata13: SATA max UDMA/133 abar m4096@0xfd5ee000 port 0xfd5ee600 irq 56
[    2.619689] ata14: SATA max UDMA/133 abar m4096@0xfd5ee000 port 0xfd5ee680 irq 56
[    2.619690] ata15: SATA max UDMA/133 abar m4096@0xfd5ee000 port 0xfd5ee700 irq 56
[    2.619691] ata16: SATA max UDMA/133 abar m4096@0xfd5ee000 port 0xfd5ee780 irq 56
[    2.619692] ata17: SATA max UDMA/133 abar m4096@0xfd5ee000 port 0xfd5ee800 irq 56
[    2.619693] ata18: SATA max UDMA/133 abar m4096@0xfd5ee000 port 0xfd5ee880 irq 56
[    2.619694] ata19: SATA max UDMA/133 abar m4096@0xfd5ee000 port 0xfd5ee900 irq 56
[    2.619695] ata20: SATA max UDMA/133 abar m4096@0xfd5ee000 port 0xfd5ee980 irq 56
[    2.619696] ata21: SATA max UDMA/133 abar m4096@0xfd5ee000 port 0xfd5eea00 irq 56
[    2.619697] ata22: SATA max UDMA/133 abar m4096@0xfd5ee000 port 0xfd5eea80 irq 56
[    2.619698] ata23: SATA max UDMA/133 abar m4096@0xfd5ee000 port 0xfd5eeb00 irq 56
[    2.619698] ata24: SATA max UDMA/133 abar m4096@0xfd5ee000 port 0xfd5eeb80 irq 56
[    2.619699] ata25: SATA max UDMA/133 abar m4096@0xfd5ee000 port 0xfd5eec00 irq 56
[    2.619700] ata26: SATA max UDMA/133 abar m4096@0xfd5ee000 port 0xfd5eec80 irq 56
[    2.619701] ata27: SATA max UDMA/133 abar m4096@0xfd5ee000 port 0xfd5eed00 irq 56
[    2.619702] ata28: SATA max UDMA/133 abar m4096@0xfd5ee000 port 0xfd5eed80 irq 56
